2026-01-15 00:00:13 | INFO     | __main__:setup_logging:61 | Logging to: ../targeted_analysis/20260114/7592044211755552014/analysis.log
2026-01-15 00:00:13 | INFO     | __main__:main:103 | ======================================================================
2026-01-15 00:00:13 | INFO     | __main__:main:104 | TARGETED VIDEO ANALYSIS - SINGLE VIDEO
2026-01-15 00:00:13 | INFO     | __main__:main:105 | ======================================================================
2026-01-15 00:00:13 | INFO     | __main__:main:106 | URL: https://vm.tiktok.com/ZGdmaXQR3/
2026-01-15 00:00:13 | INFO     | __main__:main:107 | Video ID: 7592044211755552014
2026-01-15 00:00:13 | INFO     | __main__:main:108 | Product: Video_Analysis_05
2026-01-15 00:00:13 | INFO     | __main__:main:109 | Output: ../targeted_analysis/20260114/7592044211755552014
2026-01-15 00:00:13 | INFO     | __main__:main:110 | ======================================================================
2026-01-15 00:00:13 | INFO     | targeted_analysis.metadata_extractor:extract_metadata_and_download:269 | === PHASE 1: METADATA EXTRACTION ===
2026-01-15 00:00:13 | INFO     | targeted_analysis.metadata_extractor:extract_metadata_and_download:270 | URL: https://vm.tiktok.com/ZGdmaXQR3/
2026-01-15 00:00:13 | INFO     | targeted_analysis.metadata_extractor:extract_metadata_and_download:272 | Product: Video_Analysis_05
2026-01-15 00:00:13 | DEBUG    | targeted_analysis.metadata_extractor:extract_video_id:43 | URL appears to be a short link, using yt-dlp to resolve
2026-01-15 00:00:16 | INFO     | targeted_analysis.metadata_extractor:extract_video_id:54 | Resolved short URL to video ID: 7592044211755552014
2026-01-15 00:00:16 | INFO     | targeted_analysis.metadata_extractor:fetch_metadata:78 | Fetching metadata for video ID: 7592044211755552014
2026-01-15 00:00:25 | SUCCESS  | targeted_analysis.metadata_extractor:fetch_metadata:118 | Metadata fetched: anh.tuan.tran843 | 68.0s | 18200000 views
2026-01-15 00:00:25 | DEBUG    | targeted_analysis.metadata_extractor:extract_video_id:43 | URL appears to be a short link, using yt-dlp to resolve
2026-01-15 00:00:27 | INFO     | targeted_analysis.metadata_extractor:extract_video_id:54 | Resolved short URL to video ID: 7592044211755552014
2026-01-15 00:00:27 | INFO     | targeted_analysis.metadata_extractor:download_video:175 | Downloading video ID: 7592044211755552014 to ../targeted_analysis/20260114/7592044211755552014
2026-01-15 00:00:37 | SUCCESS  | targeted_analysis.metadata_extractor:download_video:231 | Video downloaded: video.mp4 (6.4MB, 68.5s)
2026-01-15 00:00:37 | SUCCESS  | targeted_analysis.metadata_extractor:extract_metadata_and_download:288 | Metadata saved to: ../targeted_analysis/20260114/7592044211755552014/metadata.json
2026-01-15 00:00:37 | SUCCESS  | targeted_analysis.metadata_extractor:extract_metadata_and_download:290 | ✅ PHASE 1 COMPLETE
2026-01-15 00:00:37 | INFO     | targeted_analysis.frame_processor:extract_frames_audio_and_transcribe:390 | === PHASE 2: FRAME + AUDIO EXTRACTION + TRANSCRIPTION ===
2026-01-15 00:00:37 | INFO     | targeted_analysis.frame_processor:extract_keyframes_and_audio:54 | Extracting keyframes (every 2s) and audio...
2026-01-15 00:00:37 | DEBUG    | targeted_analysis.frame_processor:extract_keyframes_and_audio:69 | Video duration: 68.55s
2026-01-15 00:00:42 | SUCCESS  | targeted_analysis.frame_processor:extract_keyframes_and_audio:96 | Audio extracted: audio.mp3
2026-01-15 00:00:42 | SUCCESS  | targeted_analysis.frame_processor:extract_keyframes_and_audio:104 | Extracted 34 frames (68.5s ÷ 2s) and audio
2026-01-15 00:00:42 | INFO     | targeted_analysis.frame_processor:get_transcript:321 | === Transcript Extraction (Hybrid Approach) ===
2026-01-15 00:00:42 | INFO     | targeted_analysis.frame_processor:get_tiktok_captions:122 | Attempting to fetch TikTok captions...
2026-01-15 00:00:44 | INFO     | targeted_analysis.frame_processor:get_tiktok_captions:147 | No TikTok captions found
2026-01-15 00:00:44 | INFO     | targeted_analysis.frame_processor:transcribe_audio_fallback:265 | Transcribing audio with Whisper (fallback method)...
2026-01-15 00:00:44 | INFO     | targeted_analysis.frame_processor:get_whisper_model:32 | Loading Whisper tiny model (cached for batch processing)...
2026-01-15 00:00:45 | SUCCESS  | targeted_analysis.frame_processor:get_whisper_model:34 | Whisper model loaded
2026-01-15 00:00:46 | SUCCESS  | targeted_analysis.frame_processor:transcribe_audio_fallback:299 | Whisper transcription complete: 4 segments, language=en (0.99)
2026-01-15 00:00:46 | SUCCESS  | targeted_analysis.frame_processor:extract_frames_audio_and_transcribe:403 | Transcript saved to: ../targeted_analysis/20260114/7592044211755552014/transcript.json
2026-01-15 00:00:46 | SUCCESS  | targeted_analysis.frame_processor:extract_frames_audio_and_transcribe:405 | ✅ PHASE 2 COMPLETE
2026-01-15 00:00:46 | INFO     | targeted_analysis.frame_processor:extract_frames_audio_and_transcribe:406 |    Frames: 34 frames in ../targeted_analysis/20260114/7592044211755552014/frames
2026-01-15 00:00:46 | INFO     | targeted_analysis.frame_processor:extract_frames_audio_and_transcribe:407 |    Audio: ../targeted_analysis/20260114/7592044211755552014/audio.mp3
2026-01-15 00:00:46 | INFO     | targeted_analysis.frame_processor:extract_frames_audio_and_transcribe:408 |    Transcript: whisper_transcription (en, 4 segments)
2026-01-15 00:00:46 | INFO     | __main__:main:161 | ======================================================================
2026-01-15 00:00:46 | INFO     | __main__:main:162 | PHASE 3: COMPREHENSIVE ANALYSIS (4 parts)
2026-01-15 00:00:46 | INFO     | __main__:main:163 | ======================================================================
2026-01-15 00:00:46 | INFO     | targeted_analysis.analyzers.structural:analyze_structural:35 | === Phase 3A: Structural Analysis ===
2026-01-15 00:00:46 | INFO     | targeted_analysis.analyzers.structural:analyze_structural:105 | Calling Gemini with 34 frames...
2026-01-15 00:01:20 | WARNING  | targeted_analysis.analyzers.structural:analyze_structural:127 | gemini-3-pro failed, trying flash model: Loaded cached credentials.
Server 'context7' supports tool updates. Listening for changes...
Server 'sequential-thinking' supports tool updates. Listening for changes...
Server 'filesystem' supports tool updates. Listening for changes...
Error executing tool list_directory: Path must be within one of the workspace directories: /Users/lxt/Movies/TikTok/WZ/lukas_9688/scripts
Error when talking to Gemini API Full report available at: /var/folders/kt/j2l9r3892f1__8kc19n9dff00000gp/T/gemini-client-error-Turn.run-sendMessageStream-2026-01-14T23-01-20-440Z.json TerminalQuotaError: You have exhausted your capacity on this model. Your quota will reset after 14h59m2s.
    at classifyGoogleError (file:///Users/lxt/.nvm/versions/node/v23.8.0/lib/node_modules/@google/gemini-cli/node_modules/@google/gemini-cli-core/dist/src/utils/googleQuotaErrors.js:136:28)
    at retryWithBackoff (file:///Users/lxt/.nvm/versions/node/v23.8.0/lib/node_modules/@google/gemini-cli/node_modules/@google/gemini-cli-core/dist/src/utils/retry.js:127:37)
    at process.processTicksAndRejections (node:internal/process/task_queues:105:5)
    at async GeminiChat.makeApiCallAndProcessStream (file:///Users/lxt/.nvm/versions/node/v23.8.0/lib/node_modules/@google/gemini-cli/node_modules/@google/gemini-cli-core/dist/src/core/geminiChat.js:364:32)
    at async GeminiChat.streamWithRetries (file:///Users/lxt/.nvm/versions/node/v23.8.0/lib/node_modules/@google/gemini-cli/node_modules/@google/gemini-cli-core/dist/src/core/geminiChat.js:225:40)
    at async Turn.run (file:///Users/lxt/.nvm/versions/node/v23.8.0/lib/node_modules/@google/gemini-cli/node_modules/@google/gemini-cli-core/dist/src/core/turn.js:64:30)
    at async GeminiClient.processTurn (file:///Users/lxt/.nvm/versions/node/v23.8.0/lib/node_modules/@google/gemini-cli/node_modules/@google/gemini-cli-core/dist/src/core/client.js:440:26)
    at async GeminiClient.sendMessageStream (file:///Users/lxt/.nvm/versions/node/v23.8.0/lib/node_modules/@google/gemini-cli/node_modules/@google/gemini-cli-core/dist/src/core/client.js:536:20)
    at async file:///Users/lxt/.nvm/versions/node/v23.8.0/lib/node_modules/@google/gemini-cli/dist/src/nonInteractiveCli.js:192:34
    at async main (file:///Users/lxt/.nvm/versions/node/v23.8.0/lib/node_modules/@google/gemini-cli/dist/src/gemini.js:452:9) {
  cause: {
    code: 429,
    message: 'You have exhausted your capacity on this model. Your quota will reset after 14h59m2s.',
    details: [ [Object], [Object] ]
  },
  retryDelayMs: 53942612.285578
}
An unexpected critical error occurred:[object Object]

2026-01-15 00:04:00 | SUCCESS  | targeted_analysis.analyzers.structural:analyze_structural:132 | Structural analysis complete (fallback model)
2026-01-15 00:04:00 | INFO     | targeted_analysis.analyzers.content:analyze_content:34 | === Phase 3B: Content Analysis ===
2026-01-15 00:04:00 | INFO     | targeted_analysis.analyzers.content:analyze_content:134 | Calling Gemini for content analysis...
2026-01-15 00:04:12 | WARNING  | targeted_analysis.analyzers.content:analyze_content:153 | Trying flash model: Loaded cached credentials.
Server 'sequential-thinking' supports tool updates. Listening for changes
2026-01-15 00:04:50 | SUCCESS  | targeted_analysis.analyzers.content:analyze_content:158 | Content analysis complete (fallback)
2026-01-15 00:04:50 | INFO     | targeted_analysis.analyzers.strategic:analyze_strategic:32 | === Phase 3C: Strategic Analysis ===
2026-01-15 00:04:50 | INFO     | targeted_analysis.analyzers.strategic:analyze_strategic:148 | Calling Gemini for strategic analysis...
2026-01-15 00:05:02 | WARNING  | targeted_analysis.analyzers.strategic:analyze_strategic:166 | Trying flash model: Loaded cached credentials.
Server 'context7' supports tool updates. Listening for changes...
Server 
2026-01-15 00:05:46 | SUCCESS  | targeted_analysis.analyzers.strategic:analyze_strategic:171 | Strategic analysis complete (fallback)
2026-01-15 00:05:46 | INFO     | targeted_analysis.analyzers.character:analyze_character:32 | === Phase 3D: Character Descriptions ===
2026-01-15 00:05:46 | INFO     | targeted_analysis.analyzers.character:analyze_character:116 | Calling Gemini for character analysis...
2026-01-15 00:06:00 | WARNING  | targeted_analysis.analyzers.character:analyze_character:134 | Trying flash model: Loaded cached credentials.
Server 'context7' supports tool updates. Listening for changes...
Server 
2026-01-15 00:10:01 | ERROR    | __main__:main:276 | ❌ ANALYSIS FAILED: Character analysis failed: Command '['gemini', '-o', 'text', '-m', 'gemini-3-flash-preview', '/Users/lxt/Movies/TikTok/WZ/lukas_9688/scripts/../targeted_analysis/20260114/7592044211755552014/frames/frame_001.jpg', '/Users/lxt/Movies/TikTok/WZ/lukas_9688/scripts/../targeted_analysis/20260114/7592044211755552014/frames/frame_002.jpg', '/Users/lxt/Movies/TikTok/WZ/lukas_9688/scripts/../targeted_analysis/20260114/7592044211755552014/frames/frame_003.jpg', '/Users/lxt/Movies/TikTok/WZ/lukas_9688/scripts/../targeted_analysis/20260114/7592044211755552014/frames/frame_004.jpg', '/Users/lxt/Movies/TikTok/WZ/lukas_9688/scripts/../targeted_analysis/20260114/7592044211755552014/frames/frame_005.jpg', '/Users/lxt/Movies/TikTok/WZ/lukas_9688/scripts/../targeted_analysis/20260114/7592044211755552014/frames/frame_006.jpg', '/Users/lxt/Movies/TikTok/WZ/lukas_9688/scripts/../targeted_analysis/20260114/7592044211755552014/frames/frame_007.jpg', '/Users/lxt/Movies/TikTok/WZ/lukas_9688/scripts/../targeted_analysis/20260114/7592044211755552014/frames/frame_008.jpg', '/Users/lxt/Movies/TikTok/WZ/lukas_9688/scripts/../targeted_analysis/20260114/7592044211755552014/frames/frame_009.jpg', '/Users/lxt/Movies/TikTok/WZ/lukas_9688/scripts/../targeted_analysis/20260114/7592044211755552014/frames/frame_010.jpg', '/Users/lxt/Movies/TikTok/WZ/lukas_9688/scripts/../targeted_analysis/20260114/7592044211755552014/frames/frame_011.jpg', '/Users/lxt/Movies/TikTok/WZ/lukas_9688/scripts/../targeted_analysis/20260114/7592044211755552014/frames/frame_012.jpg', '/Users/lxt/Movies/TikTok/WZ/lukas_9688/scripts/../targeted_analysis/20260114/7592044211755552014/frames/frame_013.jpg', '/Users/lxt/Movies/TikTok/WZ/lukas_9688/scripts/../targeted_analysis/20260114/7592044211755552014/frames/frame_014.jpg', '/Users/lxt/Movies/TikTok/WZ/lukas_9688/scripts/../targeted_analysis/20260114/7592044211755552014/frames/frame_015.jpg', '/Users/lxt/Movies/TikTok/WZ/lukas_9688/scripts/../targeted_analysis/20260114/7592044211755552014/frames/frame_016.jpg', '/Users/lxt/Movies/TikTok/WZ/lukas_9688/scripts/../targeted_analysis/20260114/7592044211755552014/frames/frame_017.jpg', '/Users/lxt/Movies/TikTok/WZ/lukas_9688/scripts/../targeted_analysis/20260114/7592044211755552014/frames/frame_018.jpg', '/Users/lxt/Movies/TikTok/WZ/lukas_9688/scripts/../targeted_analysis/20260114/7592044211755552014/frames/frame_019.jpg', '/Users/lxt/Movies/TikTok/WZ/lukas_9688/scripts/../targeted_analysis/20260114/7592044211755552014/frames/frame_020.jpg', '/Users/lxt/Movies/TikTok/WZ/lukas_9688/scripts/../targeted_analysis/20260114/7592044211755552014/frames/frame_021.jpg', '/Users/lxt/Movies/TikTok/WZ/lukas_9688/scripts/../targeted_analysis/20260114/7592044211755552014/frames/frame_022.jpg', '/Users/lxt/Movies/TikTok/WZ/lukas_9688/scripts/../targeted_analysis/20260114/7592044211755552014/frames/frame_023.jpg', '/Users/lxt/Movies/TikTok/WZ/lukas_9688/scripts/../targeted_analysis/20260114/7592044211755552014/frames/frame_024.jpg', '/Users/lxt/Movies/TikTok/WZ/lukas_9688/scripts/../targeted_analysis/20260114/7592044211755552014/frames/frame_025.jpg', '/Users/lxt/Movies/TikTok/WZ/lukas_9688/scripts/../targeted_analysis/20260114/7592044211755552014/frames/frame_026.jpg', '/Users/lxt/Movies/TikTok/WZ/lukas_9688/scripts/../targeted_analysis/20260114/7592044211755552014/frames/frame_027.jpg', '/Users/lxt/Movies/TikTok/WZ/lukas_9688/scripts/../targeted_analysis/20260114/7592044211755552014/frames/frame_028.jpg', '/Users/lxt/Movies/TikTok/WZ/lukas_9688/scripts/../targeted_analysis/20260114/7592044211755552014/frames/frame_029.jpg', '/Users/lxt/Movies/TikTok/WZ/lukas_9688/scripts/../targeted_analysis/20260114/7592044211755552014/frames/frame_030.jpg', '/Users/lxt/Movies/TikTok/WZ/lukas_9688/scripts/../targeted_analysis/20260114/7592044211755552014/frames/frame_031.jpg', '/Users/lxt/Movies/TikTok/WZ/lukas_9688/scripts/../targeted_analysis/20260114/7592044211755552014/frames/frame_032.jpg', '/Users/lxt/Movies/TikTok/WZ/lukas_9688/scripts/../targeted_analysis/20260114/7592044211755552014/frames/frame_033.jpg', '/Users/lxt/Movies/TikTok/WZ/lukas_9688/scripts/../targeted_analysis/20260114/7592044211755552014/frames/frame_034.jpg', 'You are creating a detailed casting guide for video replication.\n\n**Video Info:**\n- Duration: 68.5s\n- Creator: anh.tuan.tran843\n- Transcript Language: en\n\n**Task: Describe ALL people appearing in the video for casting purposes**\n\n**CRITICAL: Output EVERYTHING in BILINGUAL format - English first, then Chinese translation**\n\nOutput in Markdown with bilingual headers (English | 中文):\n\n## Character Count | 角色数量\n\nTotal people in video | 视频总人数: [X]\n\n## Character 1: [Role] | [角色] (e.g., "Main Host", "Product Demonstrator" | "主持人", "产品演示者")\n\n**Physical Appearance | 外观特征:**\n- Gender | 性别: [Male/Female/Other] | [男/女/其他]\n- Age | 年龄: [Specific or range, e.g., "Mid-30s", "25-30"] | [具体或范围]\n- Ethnicity | 种族: [If relevant for casting] | [如果与选角相关]\n- Hair | 发型: [Color, length, style] | [颜色、长度、风格]\n- Build | 体型: [Slim/Average/Athletic/Plus-size, approximate height] | [瘦/标准/健壮/丰满，大概身高]\n- Distinctive features | 明显特征: [Glasses, tattoos, facial hair, etc.] | [眼镜、纹身、面部毛发等]\n\n**Clothing | 服装:**\n- Top | 上装: [Specific description with colors] | [具体颜色描述]\n- Bottom | 下装: [Specific description] | [具体描述]\n- Accessories | 配饰: [Jewelry, watches, etc.] | [珠宝、手表等]\n- Style | 风格: [Casual/Business/Sporty/etc.] | [休闲/商务/运动等]\n\n**Body Language | 肢体语言:**\n- Posture | 姿态: [Relaxed/Confident/Energetic/etc.] | [放松/自信/活力等]\n- Hand gestures | 手势: [Specific moments, e.g., "Points at 00:05"] | [具体时刻]\n- Facial expressions | 面部表情: [Key moments] | [关键时刻]\n- Movement | 动作: [Static/Active/Natural/Choreographed] | [静态/活跃/自然/编排]\n\n**Vocal Characteristics | 声音特征:**\n- Language | 语言: [en]\n- Tone | 语调: [Warm/Authoritative/Friendly/Excited/etc.] | [温暖/权威/友好/兴奋等]\n- Pace | 语速: [Fast/Medium/Slow words per minute] | [快/中/慢]\n- Accent | 口音: [If notable] | [如果明显]\n- Voice quality | 音质: [Deep/High/Raspy/Clear/etc.] | [低沉/高亢/沙哑/清晰等]\n\n**Screen Time | 出镜时间:**\n- Appears at | 出现于: [Timestamps] | [时间戳]\n- Total time | 总时长: [Seconds] | [秒]\n\n**Casting Notes | 选角说明:**\n[Specific requirements or flexibility for replication] | [复制的具体要求或灵活性]\n\n---\n\n[Repeat for Character 2, 3, etc. if multiple people | 如果有多人，重复角色2、3等]\n\n---\n\n## Background People | 背景人物\n\n[If any people appear in background, briefly describe] | [如果背景有人，简要描述]\n\n**For replication: provide enough detail for accurate casting. | 用于复制：提供足够的详细信息以便准确选角。**\n']' timed out after 240 seconds
2026-01-15 00:10:01 | ERROR    | __main__:main:279 | Character analysis failed: Command '['gemini', '-o', 'text', '-m', 'gemini-3-flash-preview', '/Users/lxt/Movies/TikTok/WZ/lukas_9688/scripts/../targeted_analysis/20260114/7592044211755552014/frames/frame_001.jpg', '/Users/lxt/Movies/TikTok/WZ/lukas_9688/scripts/../targeted_analysis/20260114/7592044211755552014/frames/frame_002.jpg', '/Users/lxt/Movies/TikTok/WZ/lukas_9688/scripts/../targeted_analysis/20260114/7592044211755552014/frames/frame_003.jpg', '/Users/lxt/Movies/TikTok/WZ/lukas_9688/scripts/../targeted_analysis/20260114/7592044211755552014/frames/frame_004.jpg', '/Users/lxt/Movies/TikTok/WZ/lukas_9688/scripts/../targeted_analysis/20260114/7592044211755552014/frames/frame_005.jpg', '/Users/lxt/Movies/TikTok/WZ/lukas_9688/scripts/../targeted_analysis/20260114/7592044211755552014/frames/frame_006.jpg', '/Users/lxt/Movies/TikTok/WZ/lukas_9688/scripts/../targeted_analysis/20260114/7592044211755552014/frames/frame_007.jpg', '/Users/lxt/Movies/TikTok/WZ/lukas_9688/scripts/../targeted_analysis/20260114/7592044211755552014/frames/frame_008.jpg', '/Users/lxt/Movies/TikTok/WZ/lukas_9688/scripts/../targeted_analysis/20260114/7592044211755552014/frames/frame_009.jpg', '/Users/lxt/Movies/TikTok/WZ/lukas_9688/scripts/../targeted_analysis/20260114/7592044211755552014/frames/frame_010.jpg', '/Users/lxt/Movies/TikTok/WZ/lukas_9688/scripts/../targeted_analysis/20260114/7592044211755552014/frames/frame_011.jpg', '/Users/lxt/Movies/TikTok/WZ/lukas_9688/scripts/../targeted_analysis/20260114/7592044211755552014/frames/frame_012.jpg', '/Users/lxt/Movies/TikTok/WZ/lukas_9688/scripts/../targeted_analysis/20260114/7592044211755552014/frames/frame_013.jpg', '/Users/lxt/Movies/TikTok/WZ/lukas_9688/scripts/../targeted_analysis/20260114/7592044211755552014/frames/frame_014.jpg', '/Users/lxt/Movies/TikTok/WZ/lukas_9688/scripts/../targeted_analysis/20260114/7592044211755552014/frames/frame_015.jpg', '/Users/lxt/Movies/TikTok/WZ/lukas_9688/scripts/../targeted_analysis/20260114/7592044211755552014/frames/frame_016.jpg', '/Users/lxt/Movies/TikTok/WZ/lukas_9688/scripts/../targeted_analysis/20260114/7592044211755552014/frames/frame_017.jpg', '/Users/lxt/Movies/TikTok/WZ/lukas_9688/scripts/../targeted_analysis/20260114/7592044211755552014/frames/frame_018.jpg', '/Users/lxt/Movies/TikTok/WZ/lukas_9688/scripts/../targeted_analysis/20260114/7592044211755552014/frames/frame_019.jpg', '/Users/lxt/Movies/TikTok/WZ/lukas_9688/scripts/../targeted_analysis/20260114/7592044211755552014/frames/frame_020.jpg', '/Users/lxt/Movies/TikTok/WZ/lukas_9688/scripts/../targeted_analysis/20260114/7592044211755552014/frames/frame_021.jpg', '/Users/lxt/Movies/TikTok/WZ/lukas_9688/scripts/../targeted_analysis/20260114/7592044211755552014/frames/frame_022.jpg', '/Users/lxt/Movies/TikTok/WZ/lukas_9688/scripts/../targeted_analysis/20260114/7592044211755552014/frames/frame_023.jpg', '/Users/lxt/Movies/TikTok/WZ/lukas_9688/scripts/../targeted_analysis/20260114/7592044211755552014/frames/frame_024.jpg', '/Users/lxt/Movies/TikTok/WZ/lukas_9688/scripts/../targeted_analysis/20260114/7592044211755552014/frames/frame_025.jpg', '/Users/lxt/Movies/TikTok/WZ/lukas_9688/scripts/../targeted_analysis/20260114/7592044211755552014/frames/frame_026.jpg', '/Users/lxt/Movies/TikTok/WZ/lukas_9688/scripts/../targeted_analysis/20260114/7592044211755552014/frames/frame_027.jpg', '/Users/lxt/Movies/TikTok/WZ/lukas_9688/scripts/../targeted_analysis/20260114/7592044211755552014/frames/frame_028.jpg', '/Users/lxt/Movies/TikTok/WZ/lukas_9688/scripts/../targeted_analysis/20260114/7592044211755552014/frames/frame_029.jpg', '/Users/lxt/Movies/TikTok/WZ/lukas_9688/scripts/../targeted_analysis/20260114/7592044211755552014/frames/frame_030.jpg', '/Users/lxt/Movies/TikTok/WZ/lukas_9688/scripts/../targeted_analysis/20260114/7592044211755552014/frames/frame_031.jpg', '/Users/lxt/Movies/TikTok/WZ/lukas_9688/scripts/../targeted_analysis/20260114/7592044211755552014/frames/frame_032.jpg', '/Users/lxt/Movies/TikTok/WZ/lukas_9688/scripts/../targeted_analysis/20260114/7592044211755552014/frames/frame_033.jpg', '/Users/lxt/Movies/TikTok/WZ/lukas_9688/scripts/../targeted_analysis/20260114/7592044211755552014/frames/frame_034.jpg', 'You are creating a detailed casting guide for video replication.\n\n**Video Info:**\n- Duration: 68.5s\n- Creator: anh.tuan.tran843\n- Transcript Language: en\n\n**Task: Describe ALL people appearing in the video for casting purposes**\n\n**CRITICAL: Output EVERYTHING in BILINGUAL format - English first, then Chinese translation**\n\nOutput in Markdown with bilingual headers (English | 中文):\n\n## Character Count | 角色数量\n\nTotal people in video | 视频总人数: [X]\n\n## Character 1: [Role] | [角色] (e.g., "Main Host", "Product Demonstrator" | "主持人", "产品演示者")\n\n**Physical Appearance | 外观特征:**\n- Gender | 性别: [Male/Female/Other] | [男/女/其他]\n- Age | 年龄: [Specific or range, e.g., "Mid-30s", "25-30"] | [具体或范围]\n- Ethnicity | 种族: [If relevant for casting] | [如果与选角相关]\n- Hair | 发型: [Color, length, style] | [颜色、长度、风格]\n- Build | 体型: [Slim/Average/Athletic/Plus-size, approximate height] | [瘦/标准/健壮/丰满，大概身高]\n- Distinctive features | 明显特征: [Glasses, tattoos, facial hair, etc.] | [眼镜、纹身、面部毛发等]\n\n**Clothing | 服装:**\n- Top | 上装: [Specific description with colors] | [具体颜色描述]\n- Bottom | 下装: [Specific description] | [具体描述]\n- Accessories | 配饰: [Jewelry, watches, etc.] | [珠宝、手表等]\n- Style | 风格: [Casual/Business/Sporty/etc.] | [休闲/商务/运动等]\n\n**Body Language | 肢体语言:**\n- Posture | 姿态: [Relaxed/Confident/Energetic/etc.] | [放松/自信/活力等]\n- Hand gestures | 手势: [Specific moments, e.g., "Points at 00:05"] | [具体时刻]\n- Facial expressions | 面部表情: [Key moments] | [关键时刻]\n- Movement | 动作: [Static/Active/Natural/Choreographed] | [静态/活跃/自然/编排]\n\n**Vocal Characteristics | 声音特征:**\n- Language | 语言: [en]\n- Tone | 语调: [Warm/Authoritative/Friendly/Excited/etc.] | [温暖/权威/友好/兴奋等]\n- Pace | 语速: [Fast/Medium/Slow words per minute] | [快/中/慢]\n- Accent | 口音: [If notable] | [如果明显]\n- Voice quality | 音质: [Deep/High/Raspy/Clear/etc.] | [低沉/高亢/沙哑/清晰等]\n\n**Screen Time | 出镜时间:**\n- Appears at | 出现于: [Timestamps] | [时间戳]\n- Total time | 总时长: [Seconds] | [秒]\n\n**Casting Notes | 选角说明:**\n[Specific requirements or flexibility for replication] | [复制的具体要求或灵活性]\n\n---\n\n[Repeat for Character 2, 3, etc. if multiple people | 如果有多人，重复角色2、3等]\n\n---\n\n## Background People | 背景人物\n\n[If any people appear in background, briefly describe] | [如果背景有人，简要描述]\n\n**For replication: provide enough detail for accurate casting. | 用于复制：提供足够的详细信息以便准确选角。**\n']' timed out after 240 seconds
Traceback (most recent call last):

  File "/Users/lxt/Movies/TikTok/WZ/lukas_9688/scripts/targeted_analysis/analyzers/character.py", line 119, in analyze_character
    result = subprocess.run(
             │          └ <function run at 0x106345e40>
             └ <module 'subprocess' from '/Library/Frameworks/Python.framework/Versions/3.12/lib/python3.12/subprocess.py'>

  File "/Library/Frameworks/Python.framework/Versions/3.12/lib/python3.12/subprocess.py", line 571, in run
    raise CalledProcessError(retcode, process.args,
          │                  │        │       └ ['gemini', '-o', 'text', '-m', 'gemini-3-flash-preview', '/Users/lxt/Movies/TikTok/WZ/lukas_9688/scripts/../targeted_analysis...
          │                  │        └ <Popen: returncode: 1 args: ['gemini', '-o', 'text', '-m', 'gemini-3-flash-p...>
          │                  └ 1
          └ <class 'subprocess.CalledProcessError'>

subprocess.CalledProcessError: Command '['gemini', '-o', 'text', '-m', 'gemini-3-flash-preview', '/Users/lxt/Movies/TikTok/WZ/lukas_9688/scripts/../targeted_analysis/20260114/7592044211755552014/frames/frame_001.jpg', '/Users/lxt/Movies/TikTok/WZ/lukas_9688/scripts/../targeted_analysis/20260114/7592044211755552014/frames/frame_002.jpg', '/Users/lxt/Movies/TikTok/WZ/lukas_9688/scripts/../targeted_analysis/20260114/7592044211755552014/frames/frame_003.jpg', '/Users/lxt/Movies/TikTok/WZ/lukas_9688/scripts/../targeted_analysis/20260114/7592044211755552014/frames/frame_004.jpg', '/Users/lxt/Movies/TikTok/WZ/lukas_9688/scripts/../targeted_analysis/20260114/7592044211755552014/frames/frame_005.jpg', '/Users/lxt/Movies/TikTok/WZ/lukas_9688/scripts/../targeted_analysis/20260114/7592044211755552014/frames/frame_006.jpg', '/Users/lxt/Movies/TikTok/WZ/lukas_9688/scripts/../targeted_analysis/20260114/7592044211755552014/frames/frame_007.jpg', '/Users/lxt/Movies/TikTok/WZ/lukas_9688/scripts/../targeted_analysis/20260114/7592044211755552014/frames/frame_008.jpg', '/Users/lxt/Movies/TikTok/WZ/lukas_9688/scripts/../targeted_analysis/20260114/7592044211755552014/frames/frame_009.jpg', '/Users/lxt/Movies/TikTok/WZ/lukas_9688/scripts/../targeted_analysis/20260114/7592044211755552014/frames/frame_010.jpg', '/Users/lxt/Movies/TikTok/WZ/lukas_9688/scripts/../targeted_analysis/20260114/7592044211755552014/frames/frame_011.jpg', '/Users/lxt/Movies/TikTok/WZ/lukas_9688/scripts/../targeted_analysis/20260114/7592044211755552014/frames/frame_012.jpg', '/Users/lxt/Movies/TikTok/WZ/lukas_9688/scripts/../targeted_analysis/20260114/7592044211755552014/frames/frame_013.jpg', '/Users/lxt/Movies/TikTok/WZ/lukas_9688/scripts/../targeted_analysis/20260114/7592044211755552014/frames/frame_014.jpg', '/Users/lxt/Movies/TikTok/WZ/lukas_9688/scripts/../targeted_analysis/20260114/7592044211755552014/frames/frame_015.jpg', '/Users/lxt/Movies/TikTok/WZ/lukas_9688/scripts/../targeted_analysis/20260114/7592044211755552014/frames/frame_016.jpg', '/Users/lxt/Movies/TikTok/WZ/lukas_9688/scripts/../targeted_analysis/20260114/7592044211755552014/frames/frame_017.jpg', '/Users/lxt/Movies/TikTok/WZ/lukas_9688/scripts/../targeted_analysis/20260114/7592044211755552014/frames/frame_018.jpg', '/Users/lxt/Movies/TikTok/WZ/lukas_9688/scripts/../targeted_analysis/20260114/7592044211755552014/frames/frame_019.jpg', '/Users/lxt/Movies/TikTok/WZ/lukas_9688/scripts/../targeted_analysis/20260114/7592044211755552014/frames/frame_020.jpg', '/Users/lxt/Movies/TikTok/WZ/lukas_9688/scripts/../targeted_analysis/20260114/7592044211755552014/frames/frame_021.jpg', '/Users/lxt/Movies/TikTok/WZ/lukas_9688/scripts/../targeted_analysis/20260114/7592044211755552014/frames/frame_022.jpg', '/Users/lxt/Movies/TikTok/WZ/lukas_9688/scripts/../targeted_analysis/20260114/7592044211755552014/frames/frame_023.jpg', '/Users/lxt/Movies/TikTok/WZ/lukas_9688/scripts/../targeted_analysis/20260114/7592044211755552014/frames/frame_024.jpg', '/Users/lxt/Movies/TikTok/WZ/lukas_9688/scripts/../targeted_analysis/20260114/7592044211755552014/frames/frame_025.jpg', '/Users/lxt/Movies/TikTok/WZ/lukas_9688/scripts/../targeted_analysis/20260114/7592044211755552014/frames/frame_026.jpg', '/Users/lxt/Movies/TikTok/WZ/lukas_9688/scripts/../targeted_analysis/20260114/7592044211755552014/frames/frame_027.jpg', '/Users/lxt/Movies/TikTok/WZ/lukas_9688/scripts/../targeted_analysis/20260114/7592044211755552014/frames/frame_028.jpg', '/Users/lxt/Movies/TikTok/WZ/lukas_9688/scripts/../targeted_analysis/20260114/7592044211755552014/frames/frame_029.jpg', '/Users/lxt/Movies/TikTok/WZ/lukas_9688/scripts/../targeted_analysis/20260114/7592044211755552014/frames/frame_030.jpg', '/Users/lxt/Movies/TikTok/WZ/lukas_9688/scripts/../targeted_analysis/20260114/7592044211755552014/frames/frame_031.jpg', '/Users/lxt/Movies/TikTok/WZ/lukas_9688/scripts/../targeted_analysis/20260114/7592044211755552014/frames/frame_032.jpg', '/Users/lxt/Movies/TikTok/WZ/lukas_9688/scripts/../targeted_analysis/20260114/7592044211755552014/frames/frame_033.jpg', '/Users/lxt/Movies/TikTok/WZ/lukas_9688/scripts/../targeted_analysis/20260114/7592044211755552014/frames/frame_034.jpg', 'You are creating a detailed casting guide for video replication.\n\n**Video Info:**\n- Duration: 68.5s\n- Creator: anh.tuan.tran843\n- Transcript Language: en\n\n**Task: Describe ALL people appearing in the video for casting purposes**\n\n**CRITICAL: Output EVERYTHING in BILINGUAL format - English first, then Chinese translation**\n\nOutput in Markdown with bilingual headers (English | 中文):\n\n## Character Count | 角色数量\n\nTotal people in video | 视频总人数: [X]\n\n## Character 1: [Role] | [角色] (e.g., "Main Host", "Product Demonstrator" | "主持人", "产品演示者")\n\n**Physical Appearance | 外观特征:**\n- Gender | 性别: [Male/Female/Other] | [男/女/其他]\n- Age | 年龄: [Specific or range, e.g., "Mid-30s", "25-30"] | [具体或范围]\n- Ethnicity | 种族: [If relevant for casting] | [如果与选角相关]\n- Hair | 发型: [Color, length, style] | [颜色、长度、风格]\n- Build | 体型: [Slim/Average/Athletic/Plus-size, approximate height] | [瘦/标准/健壮/丰满，大概身高]\n- Distinctive features | 明显特征: [Glasses, tattoos, facial hair, etc.] | [眼镜、纹身、面部毛发等]\n\n**Clothing | 服装:**\n- Top | 上装: [Specific description with colors] | [具体颜色描述]\n- Bottom | 下装: [Specific description] | [具体描述]\n- Accessories | 配饰: [Jewelry, watches, etc.] | [珠宝、手表等]\n- Style | 风格: [Casual/Business/Sporty/etc.] | [休闲/商务/运动等]\n\n**Body Language | 肢体语言:**\n- Posture | 姿态: [Relaxed/Confident/Energetic/etc.] | [放松/自信/活力等]\n- Hand gestures | 手势: [Specific moments, e.g., "Points at 00:05"] | [具体时刻]\n- Facial expressions | 面部表情: [Key moments] | [关键时刻]\n- Movement | 动作: [Static/Active/Natural/Choreographed] | [静态/活跃/自然/编排]\n\n**Vocal Characteristics | 声音特征:**\n- Language | 语言: [en]\n- Tone | 语调: [Warm/Authoritative/Friendly/Excited/etc.] | [温暖/权威/友好/兴奋等]\n- Pace | 语速: [Fast/Medium/Slow words per minute] | [快/中/慢]\n- Accent | 口音: [If notable] | [如果明显]\n- Voice quality | 音质: [Deep/High/Raspy/Clear/etc.] | [低沉/高亢/沙哑/清晰等]\n\n**Screen Time | 出镜时间:**\n- Appears at | 出现于: [Timestamps] | [时间戳]\n- Total time | 总时长: [Seconds] | [秒]\n\n**Casting Notes | 选角说明:**\n[Specific requirements or flexibility for replication] | [复制的具体要求或灵活性]\n\n---\n\n[Repeat for Character 2, 3, etc. if multiple people | 如果有多人，重复角色2、3等]\n\n---\n\n## Background People | 背景人物\n\n[If any people appear in background, briefly describe] | [如果背景有人，简要描述]\n\n**For replication: provide enough detail for accurate casting. | 用于复制：提供足够的详细信息以便准确选角。**\n']' returned non-zero exit status 1.


During handling of the above exception, another exception occurred:


Traceback (most recent call last):

  File "/Users/lxt/Movies/TikTok/WZ/lukas_9688/scripts/targeted_analysis/analyzers/character.py", line 137, in analyze_character
    result = subprocess.run(cmd, capture_output=True, text=True, timeout=240, check=True)
             │          │   └ ['gemini', '-o', 'text', '-m', 'gemini-3-flash-preview', '/Users/lxt/Movies/TikTok/WZ/lukas_9688/scripts/../targeted_analysis...
             │          └ <function run at 0x106345e40>
             └ <module 'subprocess' from '/Library/Frameworks/Python.framework/Versions/3.12/lib/python3.12/subprocess.py'>

  File "/Library/Frameworks/Python.framework/Versions/3.12/lib/python3.12/subprocess.py", line 550, in run
    stdout, stderr = process.communicate(input, timeout=timeout)
                     │       │           │              └ 240
                     │       │           └ None
                     │       └ <function Popen.communicate at 0x106346b60>
                     └ <Popen: returncode: -9 args: ['gemini', '-o', 'text', '-m', 'gemini-3-flash-...>
  File "/Library/Frameworks/Python.framework/Versions/3.12/lib/python3.12/subprocess.py", line 1209, in communicate
    stdout, stderr = self._communicate(input, endtime, timeout)
                     │    │            │      │        └ 240
                     │    │            │      └ 101073.824214979
                     │    │            └ None
                     │    └ <function Popen._communicate at 0x1063474c0>
                     └ <Popen: returncode: -9 args: ['gemini', '-o', 'text', '-m', 'gemini-3-flash-...>
  File "/Library/Frameworks/Python.framework/Versions/3.12/lib/python3.12/subprocess.py", line 2116, in _communicate
    self._check_timeout(endtime, orig_timeout, stdout, stderr)
    │    │              │        │             │       └ [b"Loaded cached credentials.\nServer 'filesystem' supports tool updates. Listening for changes...\nServer 'context7' support...
    │    │              │        │             └ [b'I will begin by examining the video frames to identify the characters and their key characteristics for the casting guide....
    │    │              │        └ 240
    │    │              └ 101073.824214979
    │    └ <function Popen._check_timeout at 0x106346d40>
    └ <Popen: returncode: -9 args: ['gemini', '-o', 'text', '-m', 'gemini-3-flash-...>
  File "/Library/Frameworks/Python.framework/Versions/3.12/lib/python3.12/subprocess.py", line 1253, in _check_timeout
    raise TimeoutExpired(
          └ <class 'subprocess.TimeoutExpired'>

subprocess.TimeoutExpired: Command '['gemini', '-o', 'text', '-m', 'gemini-3-flash-preview', '/Users/lxt/Movies/TikTok/WZ/lukas_9688/scripts/../targeted_analysis/20260114/7592044211755552014/frames/frame_001.jpg', '/Users/lxt/Movies/TikTok/WZ/lukas_9688/scripts/../targeted_analysis/20260114/7592044211755552014/frames/frame_002.jpg', '/Users/lxt/Movies/TikTok/WZ/lukas_9688/scripts/../targeted_analysis/20260114/7592044211755552014/frames/frame_003.jpg', '/Users/lxt/Movies/TikTok/WZ/lukas_9688/scripts/../targeted_analysis/20260114/7592044211755552014/frames/frame_004.jpg', '/Users/lxt/Movies/TikTok/WZ/lukas_9688/scripts/../targeted_analysis/20260114/7592044211755552014/frames/frame_005.jpg', '/Users/lxt/Movies/TikTok/WZ/lukas_9688/scripts/../targeted_analysis/20260114/7592044211755552014/frames/frame_006.jpg', '/Users/lxt/Movies/TikTok/WZ/lukas_9688/scripts/../targeted_analysis/20260114/7592044211755552014/frames/frame_007.jpg', '/Users/lxt/Movies/TikTok/WZ/lukas_9688/scripts/../targeted_analysis/20260114/7592044211755552014/frames/frame_008.jpg', '/Users/lxt/Movies/TikTok/WZ/lukas_9688/scripts/../targeted_analysis/20260114/7592044211755552014/frames/frame_009.jpg', '/Users/lxt/Movies/TikTok/WZ/lukas_9688/scripts/../targeted_analysis/20260114/7592044211755552014/frames/frame_010.jpg', '/Users/lxt/Movies/TikTok/WZ/lukas_9688/scripts/../targeted_analysis/20260114/7592044211755552014/frames/frame_011.jpg', '/Users/lxt/Movies/TikTok/WZ/lukas_9688/scripts/../targeted_analysis/20260114/7592044211755552014/frames/frame_012.jpg', '/Users/lxt/Movies/TikTok/WZ/lukas_9688/scripts/../targeted_analysis/20260114/7592044211755552014/frames/frame_013.jpg', '/Users/lxt/Movies/TikTok/WZ/lukas_9688/scripts/../targeted_analysis/20260114/7592044211755552014/frames/frame_014.jpg', '/Users/lxt/Movies/TikTok/WZ/lukas_9688/scripts/../targeted_analysis/20260114/7592044211755552014/frames/frame_015.jpg', '/Users/lxt/Movies/TikTok/WZ/lukas_9688/scripts/../targeted_analysis/20260114/7592044211755552014/frames/frame_016.jpg', '/Users/lxt/Movies/TikTok/WZ/lukas_9688/scripts/../targeted_analysis/20260114/7592044211755552014/frames/frame_017.jpg', '/Users/lxt/Movies/TikTok/WZ/lukas_9688/scripts/../targeted_analysis/20260114/7592044211755552014/frames/frame_018.jpg', '/Users/lxt/Movies/TikTok/WZ/lukas_9688/scripts/../targeted_analysis/20260114/7592044211755552014/frames/frame_019.jpg', '/Users/lxt/Movies/TikTok/WZ/lukas_9688/scripts/../targeted_analysis/20260114/7592044211755552014/frames/frame_020.jpg', '/Users/lxt/Movies/TikTok/WZ/lukas_9688/scripts/../targeted_analysis/20260114/7592044211755552014/frames/frame_021.jpg', '/Users/lxt/Movies/TikTok/WZ/lukas_9688/scripts/../targeted_analysis/20260114/7592044211755552014/frames/frame_022.jpg', '/Users/lxt/Movies/TikTok/WZ/lukas_9688/scripts/../targeted_analysis/20260114/7592044211755552014/frames/frame_023.jpg', '/Users/lxt/Movies/TikTok/WZ/lukas_9688/scripts/../targeted_analysis/20260114/7592044211755552014/frames/frame_024.jpg', '/Users/lxt/Movies/TikTok/WZ/lukas_9688/scripts/../targeted_analysis/20260114/7592044211755552014/frames/frame_025.jpg', '/Users/lxt/Movies/TikTok/WZ/lukas_9688/scripts/../targeted_analysis/20260114/7592044211755552014/frames/frame_026.jpg', '/Users/lxt/Movies/TikTok/WZ/lukas_9688/scripts/../targeted_analysis/20260114/7592044211755552014/frames/frame_027.jpg', '/Users/lxt/Movies/TikTok/WZ/lukas_9688/scripts/../targeted_analysis/20260114/7592044211755552014/frames/frame_028.jpg', '/Users/lxt/Movies/TikTok/WZ/lukas_9688/scripts/../targeted_analysis/20260114/7592044211755552014/frames/frame_029.jpg', '/Users/lxt/Movies/TikTok/WZ/lukas_9688/scripts/../targeted_analysis/20260114/7592044211755552014/frames/frame_030.jpg', '/Users/lxt/Movies/TikTok/WZ/lukas_9688/scripts/../targeted_analysis/20260114/7592044211755552014/frames/frame_031.jpg', '/Users/lxt/Movies/TikTok/WZ/lukas_9688/scripts/../targeted_analysis/20260114/7592044211755552014/frames/frame_032.jpg', '/Users/lxt/Movies/TikTok/WZ/lukas_9688/scripts/../targeted_analysis/20260114/7592044211755552014/frames/frame_033.jpg', '/Users/lxt/Movies/TikTok/WZ/lukas_9688/scripts/../targeted_analysis/20260114/7592044211755552014/frames/frame_034.jpg', 'You are creating a detailed casting guide for video replication.\n\n**Video Info:**\n- Duration: 68.5s\n- Creator: anh.tuan.tran843\n- Transcript Language: en\n\n**Task: Describe ALL people appearing in the video for casting purposes**\n\n**CRITICAL: Output EVERYTHING in BILINGUAL format - English first, then Chinese translation**\n\nOutput in Markdown with bilingual headers (English | 中文):\n\n## Character Count | 角色数量\n\nTotal people in video | 视频总人数: [X]\n\n## Character 1: [Role] | [角色] (e.g., "Main Host", "Product Demonstrator" | "主持人", "产品演示者")\n\n**Physical Appearance | 外观特征:**\n- Gender | 性别: [Male/Female/Other] | [男/女/其他]\n- Age | 年龄: [Specific or range, e.g., "Mid-30s", "25-30"] | [具体或范围]\n- Ethnicity | 种族: [If relevant for casting] | [如果与选角相关]\n- Hair | 发型: [Color, length, style] | [颜色、长度、风格]\n- Build | 体型: [Slim/Average/Athletic/Plus-size, approximate height] | [瘦/标准/健壮/丰满，大概身高]\n- Distinctive features | 明显特征: [Glasses, tattoos, facial hair, etc.] | [眼镜、纹身、面部毛发等]\n\n**Clothing | 服装:**\n- Top | 上装: [Specific description with colors] | [具体颜色描述]\n- Bottom | 下装: [Specific description] | [具体描述]\n- Accessories | 配饰: [Jewelry, watches, etc.] | [珠宝、手表等]\n- Style | 风格: [Casual/Business/Sporty/etc.] | [休闲/商务/运动等]\n\n**Body Language | 肢体语言:**\n- Posture | 姿态: [Relaxed/Confident/Energetic/etc.] | [放松/自信/活力等]\n- Hand gestures | 手势: [Specific moments, e.g., "Points at 00:05"] | [具体时刻]\n- Facial expressions | 面部表情: [Key moments] | [关键时刻]\n- Movement | 动作: [Static/Active/Natural/Choreographed] | [静态/活跃/自然/编排]\n\n**Vocal Characteristics | 声音特征:**\n- Language | 语言: [en]\n- Tone | 语调: [Warm/Authoritative/Friendly/Excited/etc.] | [温暖/权威/友好/兴奋等]\n- Pace | 语速: [Fast/Medium/Slow words per minute] | [快/中/慢]\n- Accent | 口音: [If notable] | [如果明显]\n- Voice quality | 音质: [Deep/High/Raspy/Clear/etc.] | [低沉/高亢/沙哑/清晰等]\n\n**Screen Time | 出镜时间:**\n- Appears at | 出现于: [Timestamps] | [时间戳]\n- Total time | 总时长: [Seconds] | [秒]\n\n**Casting Notes | 选角说明:**\n[Specific requirements or flexibility for replication] | [复制的具体要求或灵活性]\n\n---\n\n[Repeat for Character 2, 3, etc. if multiple people | 如果有多人，重复角色2、3等]\n\n---\n\n## Background People | 背景人物\n\n[If any people appear in background, briefly describe] | [如果背景有人，简要描述]\n\n**For replication: provide enough detail for accurate casting. | 用于复制：提供足够的详细信息以便准确选角。**\n']' timed out after 240 seconds


During handling of the above exception, another exception occurred:


Traceback (most recent call last):

  File "/Users/lxt/Movies/TikTok/WZ/lukas_9688/scripts/analyze_targeted_video.py", line 284, in <module>
    sys.exit(main())
    │   │    └ <function main at 0x10c0907c0>
    │   └ <built-in function exit>
    └ <module 'sys' (built-in)>

> File "/Users/lxt/Movies/TikTok/WZ/lukas_9688/scripts/analyze_targeted_video.py", line 181, in main
    character_analysis = analyze_character(
                         └ <function analyze_character at 0x10c090f40>

  File "/Users/lxt/Movies/TikTok/WZ/lukas_9688/scripts/targeted_analysis/analyzers/character.py", line 142, in analyze_character
    raise RuntimeError(f"Character analysis failed: {e2}")

RuntimeError: Character analysis failed: Command '['gemini', '-o', 'text', '-m', 'gemini-3-flash-preview', '/Users/lxt/Movies/TikTok/WZ/lukas_9688/scripts/../targeted_analysis/20260114/7592044211755552014/frames/frame_001.jpg', '/Users/lxt/Movies/TikTok/WZ/lukas_9688/scripts/../targeted_analysis/20260114/7592044211755552014/frames/frame_002.jpg', '/Users/lxt/Movies/TikTok/WZ/lukas_9688/scripts/../targeted_analysis/20260114/7592044211755552014/frames/frame_003.jpg', '/Users/lxt/Movies/TikTok/WZ/lukas_9688/scripts/../targeted_analysis/20260114/7592044211755552014/frames/frame_004.jpg', '/Users/lxt/Movies/TikTok/WZ/lukas_9688/scripts/../targeted_analysis/20260114/7592044211755552014/frames/frame_005.jpg', '/Users/lxt/Movies/TikTok/WZ/lukas_9688/scripts/../targeted_analysis/20260114/7592044211755552014/frames/frame_006.jpg', '/Users/lxt/Movies/TikTok/WZ/lukas_9688/scripts/../targeted_analysis/20260114/7592044211755552014/frames/frame_007.jpg', '/Users/lxt/Movies/TikTok/WZ/lukas_9688/scripts/../targeted_analysis/20260114/7592044211755552014/frames/frame_008.jpg', '/Users/lxt/Movies/TikTok/WZ/lukas_9688/scripts/../targeted_analysis/20260114/7592044211755552014/frames/frame_009.jpg', '/Users/lxt/Movies/TikTok/WZ/lukas_9688/scripts/../targeted_analysis/20260114/7592044211755552014/frames/frame_010.jpg', '/Users/lxt/Movies/TikTok/WZ/lukas_9688/scripts/../targeted_analysis/20260114/7592044211755552014/frames/frame_011.jpg', '/Users/lxt/Movies/TikTok/WZ/lukas_9688/scripts/../targeted_analysis/20260114/7592044211755552014/frames/frame_012.jpg', '/Users/lxt/Movies/TikTok/WZ/lukas_9688/scripts/../targeted_analysis/20260114/7592044211755552014/frames/frame_013.jpg', '/Users/lxt/Movies/TikTok/WZ/lukas_9688/scripts/../targeted_analysis/20260114/7592044211755552014/frames/frame_014.jpg', '/Users/lxt/Movies/TikTok/WZ/lukas_9688/scripts/../targeted_analysis/20260114/7592044211755552014/frames/frame_015.jpg', '/Users/lxt/Movies/TikTok/WZ/lukas_9688/scripts/../targeted_analysis/20260114/7592044211755552014/frames/frame_016.jpg', '/Users/lxt/Movies/TikTok/WZ/lukas_9688/scripts/../targeted_analysis/20260114/7592044211755552014/frames/frame_017.jpg', '/Users/lxt/Movies/TikTok/WZ/lukas_9688/scripts/../targeted_analysis/20260114/7592044211755552014/frames/frame_018.jpg', '/Users/lxt/Movies/TikTok/WZ/lukas_9688/scripts/../targeted_analysis/20260114/7592044211755552014/frames/frame_019.jpg', '/Users/lxt/Movies/TikTok/WZ/lukas_9688/scripts/../targeted_analysis/20260114/7592044211755552014/frames/frame_020.jpg', '/Users/lxt/Movies/TikTok/WZ/lukas_9688/scripts/../targeted_analysis/20260114/7592044211755552014/frames/frame_021.jpg', '/Users/lxt/Movies/TikTok/WZ/lukas_9688/scripts/../targeted_analysis/20260114/7592044211755552014/frames/frame_022.jpg', '/Users/lxt/Movies/TikTok/WZ/lukas_9688/scripts/../targeted_analysis/20260114/7592044211755552014/frames/frame_023.jpg', '/Users/lxt/Movies/TikTok/WZ/lukas_9688/scripts/../targeted_analysis/20260114/7592044211755552014/frames/frame_024.jpg', '/Users/lxt/Movies/TikTok/WZ/lukas_9688/scripts/../targeted_analysis/20260114/7592044211755552014/frames/frame_025.jpg', '/Users/lxt/Movies/TikTok/WZ/lukas_9688/scripts/../targeted_analysis/20260114/7592044211755552014/frames/frame_026.jpg', '/Users/lxt/Movies/TikTok/WZ/lukas_9688/scripts/../targeted_analysis/20260114/7592044211755552014/frames/frame_027.jpg', '/Users/lxt/Movies/TikTok/WZ/lukas_9688/scripts/../targeted_analysis/20260114/7592044211755552014/frames/frame_028.jpg', '/Users/lxt/Movies/TikTok/WZ/lukas_9688/scripts/../targeted_analysis/20260114/7592044211755552014/frames/frame_029.jpg', '/Users/lxt/Movies/TikTok/WZ/lukas_9688/scripts/../targeted_analysis/20260114/7592044211755552014/frames/frame_030.jpg', '/Users/lxt/Movies/TikTok/WZ/lukas_9688/scripts/../targeted_analysis/20260114/7592044211755552014/frames/frame_031.jpg', '/Users/lxt/Movies/TikTok/WZ/lukas_9688/scripts/../targeted_analysis/20260114/7592044211755552014/frames/frame_032.jpg', '/Users/lxt/Movies/TikTok/WZ/lukas_9688/scripts/../targeted_analysis/20260114/7592044211755552014/frames/frame_033.jpg', '/Users/lxt/Movies/TikTok/WZ/lukas_9688/scripts/../targeted_analysis/20260114/7592044211755552014/frames/frame_034.jpg', 'You are creating a detailed casting guide for video replication.\n\n**Video Info:**\n- Duration: 68.5s\n- Creator: anh.tuan.tran843\n- Transcript Language: en\n\n**Task: Describe ALL people appearing in the video for casting purposes**\n\n**CRITICAL: Output EVERYTHING in BILINGUAL format - English first, then Chinese translation**\n\nOutput in Markdown with bilingual headers (English | 中文):\n\n## Character Count | 角色数量\n\nTotal people in video | 视频总人数: [X]\n\n## Character 1: [Role] | [角色] (e.g., "Main Host", "Product Demonstrator" | "主持人", "产品演示者")\n\n**Physical Appearance | 外观特征:**\n- Gender | 性别: [Male/Female/Other] | [男/女/其他]\n- Age | 年龄: [Specific or range, e.g., "Mid-30s", "25-30"] | [具体或范围]\n- Ethnicity | 种族: [If relevant for casting] | [如果与选角相关]\n- Hair | 发型: [Color, length, style] | [颜色、长度、风格]\n- Build | 体型: [Slim/Average/Athletic/Plus-size, approximate height] | [瘦/标准/健壮/丰满，大概身高]\n- Distinctive features | 明显特征: [Glasses, tattoos, facial hair, etc.] | [眼镜、纹身、面部毛发等]\n\n**Clothing | 服装:**\n- Top | 上装: [Specific description with colors] | [具体颜色描述]\n- Bottom | 下装: [Specific description] | [具体描述]\n- Accessories | 配饰: [Jewelry, watches, etc.] | [珠宝、手表等]\n- Style | 风格: [Casual/Business/Sporty/etc.] | [休闲/商务/运动等]\n\n**Body Language | 肢体语言:**\n- Posture | 姿态: [Relaxed/Confident/Energetic/etc.] | [放松/自信/活力等]\n- Hand gestures | 手势: [Specific moments, e.g., "Points at 00:05"] | [具体时刻]\n- Facial expressions | 面部表情: [Key moments] | [关键时刻]\n- Movement | 动作: [Static/Active/Natural/Choreographed] | [静态/活跃/自然/编排]\n\n**Vocal Characteristics | 声音特征:**\n- Language | 语言: [en]\n- Tone | 语调: [Warm/Authoritative/Friendly/Excited/etc.] | [温暖/权威/友好/兴奋等]\n- Pace | 语速: [Fast/Medium/Slow words per minute] | [快/中/慢]\n- Accent | 口音: [If notable] | [如果明显]\n- Voice quality | 音质: [Deep/High/Raspy/Clear/etc.] | [低沉/高亢/沙哑/清晰等]\n\n**Screen Time | 出镜时间:**\n- Appears at | 出现于: [Timestamps] | [时间戳]\n- Total time | 总时长: [Seconds] | [秒]\n\n**Casting Notes | 选角说明:**\n[Specific requirements or flexibility for replication] | [复制的具体要求或灵活性]\n\n---\n\n[Repeat for Character 2, 3, etc. if multiple people | 如果有多人，重复角色2、3等]\n\n---\n\n## Background People | 背景人物\n\n[If any people appear in background, briefly describe] | [如果背景有人，简要描述]\n\n**For replication: provide enough detail for accurate casting. | 用于复制：提供足够的详细信息以便准确选角。**\n']' timed out after 240 seconds
2026-01-15 08:48:01 | INFO     | __main__:setup_logging:61 | Logging to: ../targeted_analysis/20260114/7592044211755552014/analysis.log
2026-01-15 08:48:01 | INFO     | __main__:main:103 | ======================================================================
2026-01-15 08:48:01 | INFO     | __main__:main:104 | TARGETED VIDEO ANALYSIS - SINGLE VIDEO
2026-01-15 08:48:01 | INFO     | __main__:main:105 | ======================================================================
2026-01-15 08:48:01 | INFO     | __main__:main:106 | URL: https://vm.tiktok.com/ZGdmaXQR3/
2026-01-15 08:48:01 | INFO     | __main__:main:107 | Video ID: 7592044211755552014
2026-01-15 08:48:01 | INFO     | __main__:main:108 | Product: Video_Analysis_06
2026-01-15 08:48:01 | INFO     | __main__:main:109 | Output: ../targeted_analysis/20260114/7592044211755552014
2026-01-15 08:48:01 | INFO     | __main__:main:110 | ======================================================================
2026-01-15 08:48:01 | INFO     | __main__:main:129 | ⏭️  PHASE 1 SKIPPED
2026-01-15 08:48:01 | INFO     | __main__:main:148 | ⏭️  PHASE 2 SKIPPED
2026-01-15 08:48:01 | INFO     | __main__:main:161 | ======================================================================
2026-01-15 08:48:01 | INFO     | __main__:main:162 | PHASE 3: COMPREHENSIVE ANALYSIS (4 parts)
2026-01-15 08:48:01 | INFO     | __main__:main:163 | ======================================================================
2026-01-15 08:48:01 | INFO     | targeted_analysis.analyzers.structural:analyze_structural:35 | === Phase 3A: Structural Analysis ===
2026-01-15 08:48:01 | INFO     | targeted_analysis.analyzers.structural:analyze_structural:105 | Calling Gemini with 34 frames...
2026-01-15 08:48:21 | WARNING  | targeted_analysis.analyzers.structural:analyze_structural:127 | gemini-3-pro failed, trying flash model: Loaded cached credentials.
Server 'sequential-thinking' supports tool updates. Listening for changes...
Server 'filesystem' supports tool updates. Listening for changes...
Server 'context7' supports tool updates. Listening for changes...
Error when talking to Gemini API Full report available at: /var/folders/kt/j2l9r3892f1__8kc19n9dff00000gp/T/gemini-client-error-Turn.run-sendMessageStream-2026-01-15T07-48-21-641Z.json TerminalQuotaError: You have exhausted your capacity on this model. Your quota will reset after 6h12m1s.
    at classifyGoogleError (file:///Users/lxt/.nvm/versions/node/v23.8.0/lib/node_modules/@google/gemini-cli/node_modules/@google/gemini-cli-core/dist/src/utils/googleQuotaErrors.js:136:28)
    at retryWithBackoff (file:///Users/lxt/.nvm/versions/node/v23.8.0/lib/node_modules/@google/gemini-cli/node_modules/@google/gemini-cli-core/dist/src/utils/retry.js:127:37)
    at process.processTicksAndRejections (node:internal/process/task_queues:105:5)
    at async GeminiChat.makeApiCallAndProcessStream (file:///Users/lxt/.nvm/versions/node/v23.8.0/lib/node_modules/@google/gemini-cli/node_modules/@google/gemini-cli-core/dist/src/core/geminiChat.js:364:32)
    at async GeminiChat.streamWithRetries (file:///Users/lxt/.nvm/versions/node/v23.8.0/lib/node_modules/@google/gemini-cli/node_modules/@google/gemini-cli-core/dist/src/core/geminiChat.js:225:40)
    at async Turn.run (file:///Users/lxt/.nvm/versions/node/v23.8.0/lib/node_modules/@google/gemini-cli/node_modules/@google/gemini-cli-core/dist/src/core/turn.js:64:30)
    at async GeminiClient.processTurn (file:///Users/lxt/.nvm/versions/node/v23.8.0/lib/node_modules/@google/gemini-cli/node_modules/@google/gemini-cli-core/dist/src/core/client.js:440:26)
    at async GeminiClient.sendMessageStream (file:///Users/lxt/.nvm/versions/node/v23.8.0/lib/node_modules/@google/gemini-cli/node_modules/@google/gemini-cli-core/dist/src/core/client.js:536:20)
    at async file:///Users/lxt/.nvm/versions/node/v23.8.0/lib/node_modules/@google/gemini-cli/dist/src/nonInteractiveCli.js:192:34
    at async main (file:///Users/lxt/.nvm/versions/node/v23.8.0/lib/node_modules/@google/gemini-cli/dist/src/gemini.js:452:9) {
  cause: {
    code: 429,
    message: 'You have exhausted your capacity on this model. Your quota will reset after 6h12m1s.',
    details: [ [Object], [Object] ]
  },
  retryDelayMs: 22321390.400705002
}
An unexpected critical error occurred:[object Object]

2026-01-15 08:49:33 | INFO     | __main__:setup_logging:61 | Logging to: ../targeted_analysis/20260114/7592044211755552014/analysis.log
2026-01-15 08:49:33 | INFO     | __main__:main:103 | ======================================================================
2026-01-15 08:49:33 | INFO     | __main__:main:104 | TARGETED VIDEO ANALYSIS - SINGLE VIDEO
2026-01-15 08:49:33 | INFO     | __main__:main:105 | ======================================================================
2026-01-15 08:49:33 | INFO     | __main__:main:106 | URL: https://vm.tiktok.com/ZGdmaXQR3/
2026-01-15 08:49:33 | INFO     | __main__:main:107 | Video ID: 7592044211755552014
2026-01-15 08:49:33 | INFO     | __main__:main:108 | Product: Video_Analysis_06
2026-01-15 08:49:33 | INFO     | __main__:main:109 | Output: ../targeted_analysis/20260114/7592044211755552014
2026-01-15 08:49:33 | INFO     | __main__:main:110 | ======================================================================
2026-01-15 08:49:33 | INFO     | __main__:main:129 | ⏭️  PHASE 1 SKIPPED
2026-01-15 08:49:33 | INFO     | __main__:main:148 | ⏭️  PHASE 2 SKIPPED
2026-01-15 08:49:33 | INFO     | __main__:main:161 | ======================================================================
2026-01-15 08:49:33 | INFO     | __main__:main:162 | PHASE 3: COMPREHENSIVE ANALYSIS (4 parts)
2026-01-15 08:49:33 | INFO     | __main__:main:163 | ======================================================================
2026-01-15 08:49:33 | INFO     | targeted_analysis.analyzers.structural:analyze_structural:35 | === Phase 3A: Structural Analysis ===
2026-01-15 08:49:33 | INFO     | targeted_analysis.analyzers.structural:analyze_structural:105 | Calling Gemini with 34 frames...
2026-01-15 08:52:24 | SUCCESS  | targeted_analysis.analyzers.structural:analyze_structural:119 | Structural analysis complete (2314 chars)
2026-01-15 08:52:24 | INFO     | targeted_analysis.analyzers.content:analyze_content:34 | === Phase 3B: Content Analysis ===
2026-01-15 08:52:24 | INFO     | targeted_analysis.analyzers.content:analyze_content:134 | Calling Gemini for content analysis...
2026-01-15 08:53:16 | SUCCESS  | targeted_analysis.analyzers.content:analyze_content:148 | Content analysis complete (4113 chars)
2026-01-15 08:53:16 | INFO     | targeted_analysis.analyzers.strategic:analyze_strategic:32 | === Phase 3C: Strategic Analysis ===
2026-01-15 08:53:16 | INFO     | targeted_analysis.analyzers.strategic:analyze_strategic:148 | Calling Gemini for strategic analysis...
2026-01-15 08:54:03 | SUCCESS  | targeted_analysis.analyzers.strategic:analyze_strategic:162 | Strategic analysis complete (5974 chars)
2026-01-15 08:54:03 | INFO     | targeted_analysis.analyzers.character:analyze_character:32 | === Phase 3D: Character Descriptions ===
2026-01-15 08:54:03 | INFO     | targeted_analysis.analyzers.character:analyze_character:116 | Calling Gemini for character analysis...
2026-01-15 08:56:38 | SUCCESS  | targeted_analysis.analyzers.character:analyze_character:130 | Character analysis complete (3880 chars)
2026-01-15 08:56:38 | SUCCESS  | __main__:main:197 | ✅ PHASE 3 COMPLETE - Analysis saved
2026-01-15 08:56:38 | INFO     | targeted_analysis.generators.script_generator:generate_replication_script:32 | === PHASE 4: REPLICATION SCRIPT GENERATION ===
2026-01-15 08:56:38 | INFO     | targeted_analysis.generators.script_generator:generate_replication_script:186 | Calling Gemini for replication script...
2026-01-15 08:58:23 | SUCCESS  | targeted_analysis.generators.script_generator:generate_replication_script:229 | Replication script generated (4348 chars)
2026-01-15 08:58:23 | SUCCESS  | targeted_analysis.generators.script_generator:generate_replication_script:230 | ✅ PHASE 4 COMPLETE
2026-01-15 08:58:23 | SUCCESS  | __main__:main:225 | Replication script saved: ../targeted_analysis/20260114/7592044211755552014/replication_script.md
2026-01-15 08:58:23 | INFO     | targeted_analysis.generators.prompt_generator:generate_ai_video_prompts:30 | === PHASE 5: AI VIDEO PROMPTS GENERATION ===
2026-01-15 08:58:23 | INFO     | targeted_analysis.generators.prompt_generator:generate_ai_video_prompts:126 | Calling Gemini for AI video prompts...
2026-01-15 08:59:00 | SUCCESS  | targeted_analysis.generators.prompt_generator:generate_ai_video_prompts:182 | AI video prompts generated (5 shots)
2026-01-15 08:59:00 | SUCCESS  | targeted_analysis.generators.prompt_generator:generate_ai_video_prompts:183 | ✅ PHASE 5 COMPLETE
2026-01-15 08:59:00 | SUCCESS  | __main__:main:249 | AI video prompts saved: ../targeted_analysis/20260114/7592044211755552014/ai_video_prompts.md
2026-01-15 08:59:00 | INFO     | __main__:main:257 | ======================================================================
2026-01-15 08:59:00 | SUCCESS  | __main__:main:258 | ✅ ALL PHASES COMPLETE
2026-01-15 08:59:00 | INFO     | __main__:main:259 | ======================================================================
2026-01-15 08:59:00 | INFO     | __main__:main:260 | Output directory: ../targeted_analysis/20260114/7592044211755552014
2026-01-15 08:59:00 | INFO     | __main__:main:261 | Generated files:
2026-01-15 08:59:00 | INFO     | __main__:main:262 |   - metadata.json
2026-01-15 08:59:00 | INFO     | __main__:main:263 |   - video.mp4
2026-01-15 08:59:00 | INFO     | __main__:main:264 |   - frames/ (34 frames)
2026-01-15 08:59:00 | INFO     | __main__:main:265 |   - transcript.json
2026-01-15 08:59:00 | INFO     | __main__:main:266 |   - analysis.md (includes character descriptions)
2026-01-15 08:59:00 | INFO     | __main__:main:267 |   - replication_script.md
2026-01-15 08:59:00 | INFO     | __main__:main:268 |   - ai_video_prompts.md
2026-01-15 08:59:00 | INFO     | __main__:main:269 |   - processing_status.json
2026-01-15 08:59:00 | INFO     | __main__:main:270 |   - analysis.log
2026-01-15 08:59:00 | INFO     | __main__:main:271 | ======================================================================
