2026-01-15 00:00:48 | INFO     | __main__:setup_logging:61 | Logging to: ../targeted_analysis/20260114/7180795347931942190/analysis.log
2026-01-15 00:00:48 | INFO     | __main__:main:103 | ======================================================================
2026-01-15 00:00:48 | INFO     | __main__:main:104 | TARGETED VIDEO ANALYSIS - SINGLE VIDEO
2026-01-15 00:00:48 | INFO     | __main__:main:105 | ======================================================================
2026-01-15 00:00:48 | INFO     | __main__:main:106 | URL: https://vm.tiktok.com/ZGdmaDHAM/
2026-01-15 00:00:48 | INFO     | __main__:main:107 | Video ID: 7180795347931942190
2026-01-15 00:00:48 | INFO     | __main__:main:108 | Product: Video_Analysis_06
2026-01-15 00:00:48 | INFO     | __main__:main:109 | Output: ../targeted_analysis/20260114/7180795347931942190
2026-01-15 00:00:48 | INFO     | __main__:main:110 | ======================================================================
2026-01-15 00:00:48 | INFO     | targeted_analysis.metadata_extractor:extract_metadata_and_download:269 | === PHASE 1: METADATA EXTRACTION ===
2026-01-15 00:00:48 | INFO     | targeted_analysis.metadata_extractor:extract_metadata_and_download:270 | URL: https://vm.tiktok.com/ZGdmaDHAM/
2026-01-15 00:00:48 | INFO     | targeted_analysis.metadata_extractor:extract_metadata_and_download:272 | Product: Video_Analysis_06
2026-01-15 00:00:48 | DEBUG    | targeted_analysis.metadata_extractor:extract_video_id:43 | URL appears to be a short link, using yt-dlp to resolve
2026-01-15 00:00:50 | INFO     | targeted_analysis.metadata_extractor:extract_video_id:54 | Resolved short URL to video ID: 7180795347931942190
2026-01-15 00:00:50 | INFO     | targeted_analysis.metadata_extractor:fetch_metadata:78 | Fetching metadata for video ID: 7180795347931942190
2026-01-15 00:01:00 | SUCCESS  | targeted_analysis.metadata_extractor:fetch_metadata:118 | Metadata fetched: hannahmle | 20.0s | 4500000 views
2026-01-15 00:01:00 | DEBUG    | targeted_analysis.metadata_extractor:extract_video_id:43 | URL appears to be a short link, using yt-dlp to resolve
2026-01-15 00:01:02 | INFO     | targeted_analysis.metadata_extractor:extract_video_id:54 | Resolved short URL to video ID: 7180795347931942190
2026-01-15 00:01:02 | INFO     | targeted_analysis.metadata_extractor:download_video:175 | Downloading video ID: 7180795347931942190 to ../targeted_analysis/20260114/7180795347931942190
2026-01-15 00:01:13 | SUCCESS  | targeted_analysis.metadata_extractor:download_video:231 | Video downloaded: video.mp4 (1.4MB, 20.5s)
2026-01-15 00:01:13 | SUCCESS  | targeted_analysis.metadata_extractor:extract_metadata_and_download:288 | Metadata saved to: ../targeted_analysis/20260114/7180795347931942190/metadata.json
2026-01-15 00:01:13 | SUCCESS  | targeted_analysis.metadata_extractor:extract_metadata_and_download:290 | ✅ PHASE 1 COMPLETE
2026-01-15 00:01:13 | INFO     | targeted_analysis.frame_processor:extract_frames_audio_and_transcribe:390 | === PHASE 2: FRAME + AUDIO EXTRACTION + TRANSCRIPTION ===
2026-01-15 00:01:13 | INFO     | targeted_analysis.frame_processor:extract_keyframes_and_audio:54 | Extracting keyframes (every 2s) and audio...
2026-01-15 00:01:13 | DEBUG    | targeted_analysis.frame_processor:extract_keyframes_and_audio:69 | Video duration: 20.46s
2026-01-15 00:01:15 | SUCCESS  | targeted_analysis.frame_processor:extract_keyframes_and_audio:96 | Audio extracted: audio.mp3
2026-01-15 00:01:15 | SUCCESS  | targeted_analysis.frame_processor:extract_keyframes_and_audio:104 | Extracted 10 frames (20.5s ÷ 2s) and audio
2026-01-15 00:01:15 | INFO     | targeted_analysis.frame_processor:get_transcript:321 | === Transcript Extraction (Hybrid Approach) ===
2026-01-15 00:01:15 | INFO     | targeted_analysis.frame_processor:get_tiktok_captions:122 | Attempting to fetch TikTok captions...
2026-01-15 00:01:17 | INFO     | targeted_analysis.frame_processor:get_tiktok_captions:147 | No TikTok captions found
2026-01-15 00:01:17 | INFO     | targeted_analysis.frame_processor:transcribe_audio_fallback:265 | Transcribing audio with Whisper (fallback method)...
2026-01-15 00:01:17 | INFO     | targeted_analysis.frame_processor:get_whisper_model:32 | Loading Whisper tiny model (cached for batch processing)...
2026-01-15 00:01:18 | SUCCESS  | targeted_analysis.frame_processor:get_whisper_model:34 | Whisper model loaded
2026-01-15 00:01:19 | SUCCESS  | targeted_analysis.frame_processor:transcribe_audio_fallback:299 | Whisper transcription complete: 0 segments, language=en (0.48)
2026-01-15 00:01:19 | SUCCESS  | targeted_analysis.frame_processor:extract_frames_audio_and_transcribe:403 | Transcript saved to: ../targeted_analysis/20260114/7180795347931942190/transcript.json
2026-01-15 00:01:19 | SUCCESS  | targeted_analysis.frame_processor:extract_frames_audio_and_transcribe:405 | ✅ PHASE 2 COMPLETE
2026-01-15 00:01:19 | INFO     | targeted_analysis.frame_processor:extract_frames_audio_and_transcribe:406 |    Frames: 10 frames in ../targeted_analysis/20260114/7180795347931942190/frames
2026-01-15 00:01:19 | INFO     | targeted_analysis.frame_processor:extract_frames_audio_and_transcribe:407 |    Audio: ../targeted_analysis/20260114/7180795347931942190/audio.mp3
2026-01-15 00:01:19 | INFO     | targeted_analysis.frame_processor:extract_frames_audio_and_transcribe:408 |    Transcript: whisper_transcription (en, 0 segments)
2026-01-15 00:01:19 | INFO     | __main__:main:161 | ======================================================================
2026-01-15 00:01:19 | INFO     | __main__:main:162 | PHASE 3: COMPREHENSIVE ANALYSIS (4 parts)
2026-01-15 00:01:19 | INFO     | __main__:main:163 | ======================================================================
2026-01-15 00:01:19 | INFO     | targeted_analysis.analyzers.structural:analyze_structural:35 | === Phase 3A: Structural Analysis ===
2026-01-15 00:01:19 | INFO     | targeted_analysis.analyzers.structural:analyze_structural:105 | Calling Gemini with 10 frames...
2026-01-15 00:01:34 | WARNING  | targeted_analysis.analyzers.structural:analyze_structural:127 | gemini-3-pro failed, trying flash model: Loaded cached credentials.
Server 'sequential-thinking' supports tool updates. Listening for changes...
Server 'filesystem' supports tool updates. Listening for changes...
Server 'context7' supports tool updates. Listening for changes...
Error when talking to Gemini API Full report available at: /var/folders/kt/j2l9r3892f1__8kc19n9dff00000gp/T/gemini-client-error-Turn.run-sendMessageStream-2026-01-14T23-01-34-105Z.json TerminalQuotaError: You have exhausted your capacity on this model. Your quota will reset after 14h58m48s.
    at classifyGoogleError (file:///Users/lxt/.nvm/versions/node/v23.8.0/lib/node_modules/@google/gemini-cli/node_modules/@google/gemini-cli-core/dist/src/utils/googleQuotaErrors.js:136:28)
    at retryWithBackoff (file:///Users/lxt/.nvm/versions/node/v23.8.0/lib/node_modules/@google/gemini-cli/node_modules/@google/gemini-cli-core/dist/src/utils/retry.js:127:37)
    at process.processTicksAndRejections (node:internal/process/task_queues:105:5)
    at async GeminiChat.makeApiCallAndProcessStream (file:///Users/lxt/.nvm/versions/node/v23.8.0/lib/node_modules/@google/gemini-cli/node_modules/@google/gemini-cli-core/dist/src/core/geminiChat.js:364:32)
    at async GeminiChat.streamWithRetries (file:///Users/lxt/.nvm/versions/node/v23.8.0/lib/node_modules/@google/gemini-cli/node_modules/@google/gemini-cli-core/dist/src/core/geminiChat.js:225:40)
    at async Turn.run (file:///Users/lxt/.nvm/versions/node/v23.8.0/lib/node_modules/@google/gemini-cli/node_modules/@google/gemini-cli-core/dist/src/core/turn.js:64:30)
    at async GeminiClient.processTurn (file:///Users/lxt/.nvm/versions/node/v23.8.0/lib/node_modules/@google/gemini-cli/node_modules/@google/gemini-cli-core/dist/src/core/client.js:440:26)
    at async GeminiClient.sendMessageStream (file:///Users/lxt/.nvm/versions/node/v23.8.0/lib/node_modules/@google/gemini-cli/node_modules/@google/gemini-cli-core/dist/src/core/client.js:536:20)
    at async file:///Users/lxt/.nvm/versions/node/v23.8.0/lib/node_modules/@google/gemini-cli/dist/src/nonInteractiveCli.js:192:34
    at async main (file:///Users/lxt/.nvm/versions/node/v23.8.0/lib/node_modules/@google/gemini-cli/dist/src/gemini.js:452:9) {
  cause: {
    code: 429,
    message: 'You have exhausted your capacity on this model. Your quota will reset after 14h58m48s.',
    details: [ [Object], [Object] ]
  },
  retryDelayMs: 53928947.568219
}
An unexpected critical error occurred:[object Object]

2026-01-15 00:06:34 | ERROR    | targeted_analysis.analyzers.structural:analyze_structural:135 | Structural analysis failed: Command '['gemini', '-o', 'text', '-m', 'gemini-3-flash-preview', '../targeted_analysis/20260114/7180795347931942190/frames/frame_001.jpg', '../targeted_analysis/20260114/7180795347931942190/frames/frame_002.jpg', '../targeted_analysis/20260114/7180795347931942190/frames/frame_003.jpg', '../targeted_analysis/20260114/7180795347931942190/frames/frame_004.jpg', '../targeted_analysis/20260114/7180795347931942190/frames/frame_005.jpg', '../targeted_analysis/20260114/7180795347931942190/frames/frame_006.jpg', '../targeted_analysis/20260114/7180795347931942190/frames/frame_007.jpg', '../targeted_analysis/20260114/7180795347931942190/frames/frame_008.jpg', '../targeted_analysis/20260114/7180795347931942190/frames/frame_009.jpg', '../targeted_analysis/20260114/7180795347931942190/frames/frame_010.jpg', 'You are analyzing a TikTok video frame-by-frame for exact replication.\n\n**Video Info:**\n- Duration: 20.5s\n- Frames: 10 (every 2 seconds)\n- Creator: hannahmle\n- Views: 4500000\n- Transcript Source: whisper_transcription\n- Language: en\n- Transcript Preview: ""\n\n**Task: Create a shot-by-shot storyboard**\n\n**CRITICAL: Output EVERYTHING in BILINGUAL format - English first, then Chinese translation**\n\nOutput in Markdown with bilingual headers (English | 中文):\n\n## Shot List | 镜头列表\n\n| Shot # | 镜头号 | Time | 时间 | Duration | 时长 | Camera | 拍摄 | Action | 动作 | Audio | 音频 |\n|--------|-------|------|-----|----------|-------|--------|------|--------|------|-------|------|\n| 1 | 1 | 00:00-00:03 | 0-3秒 | 3s | 3秒 | Close-up, handheld | 近景手持 | Subject looks at camera | 主角看向镜头 | VO: "..." | 旁白..." |\n| 2 | 2 | 00:03-00:08 | 3-8秒 | 5s | 5秒 | Medium, static | 中景固定 | Product reveal | 产品展示 | VO: "..." | 旁白..." |\n\n**Instructions | 指令:**\n- Identify shot changes (new angle/subject/composition) | 识别镜头变化\n- Camera specs: Close-up/Medium/Wide, Static/Pan/Handheld/Tracking | 拍摄规格\n- Include exact audio/VO snippets from transcript | 包含精确的旁白片段\n- Use timestamps from frames (00:00, 00:02, 00:04, etc.) | 使用时间戳\n\n## Transition Analysis | 转场分析\n\n- **Shot 1→2 | 镜头1→2:** Hard cut at 00:03 | 00:03硬切\n- **Shot 2→3 | 镜头2→3:** Dissolve at 00:08 | 00:08淡入淡出\n\n## Text Overlays | 文字叠加\n\nList ALL on-screen text with timestamps | 列出所有屏幕文字及时间戳:\n- **[00:00]** "Tag 3" (top-left, white text | 左上角白色文字) | "第3天"\n- **[00:05]** "Vorher" (center, bold, red | 居中粗体红色) | "之前"\n\n## Visual Composition | 视觉构图\n\n- **Framing | 构图:** Rule of thirds, subject positioning | 三分法，主体位置\n- **Lighting | 灯光:** Natural/Artificial, direction, quality (soft/hard shadows) | 自然/人造，方向，质量\n- **Color Grading | 调色:** Overall palette (warm/cool), dominant colors | 整体色调\n- **Focal Points | 焦点:** Where eyes are drawn at key moments | 视线关注点\n\n**Output must be detailed and specific for replication. | 输出必须详细具体，便于复制。**\n']' timed out after 300 seconds
2026-01-15 00:06:34 | ERROR    | __main__:main:276 | ❌ ANALYSIS FAILED: Structural analysis failed: Command '['gemini', '-o', 'text', '-m', 'gemini-3-flash-preview', '../targeted_analysis/20260114/7180795347931942190/frames/frame_001.jpg', '../targeted_analysis/20260114/7180795347931942190/frames/frame_002.jpg', '../targeted_analysis/20260114/7180795347931942190/frames/frame_003.jpg', '../targeted_analysis/20260114/7180795347931942190/frames/frame_004.jpg', '../targeted_analysis/20260114/7180795347931942190/frames/frame_005.jpg', '../targeted_analysis/20260114/7180795347931942190/frames/frame_006.jpg', '../targeted_analysis/20260114/7180795347931942190/frames/frame_007.jpg', '../targeted_analysis/20260114/7180795347931942190/frames/frame_008.jpg', '../targeted_analysis/20260114/7180795347931942190/frames/frame_009.jpg', '../targeted_analysis/20260114/7180795347931942190/frames/frame_010.jpg', 'You are analyzing a TikTok video frame-by-frame for exact replication.\n\n**Video Info:**\n- Duration: 20.5s\n- Frames: 10 (every 2 seconds)\n- Creator: hannahmle\n- Views: 4500000\n- Transcript Source: whisper_transcription\n- Language: en\n- Transcript Preview: ""\n\n**Task: Create a shot-by-shot storyboard**\n\n**CRITICAL: Output EVERYTHING in BILINGUAL format - English first, then Chinese translation**\n\nOutput in Markdown with bilingual headers (English | 中文):\n\n## Shot List | 镜头列表\n\n| Shot # | 镜头号 | Time | 时间 | Duration | 时长 | Camera | 拍摄 | Action | 动作 | Audio | 音频 |\n|--------|-------|------|-----|----------|-------|--------|------|--------|------|-------|------|\n| 1 | 1 | 00:00-00:03 | 0-3秒 | 3s | 3秒 | Close-up, handheld | 近景手持 | Subject looks at camera | 主角看向镜头 | VO: "..." | 旁白..." |\n| 2 | 2 | 00:03-00:08 | 3-8秒 | 5s | 5秒 | Medium, static | 中景固定 | Product reveal | 产品展示 | VO: "..." | 旁白..." |\n\n**Instructions | 指令:**\n- Identify shot changes (new angle/subject/composition) | 识别镜头变化\n- Camera specs: Close-up/Medium/Wide, Static/Pan/Handheld/Tracking | 拍摄规格\n- Include exact audio/VO snippets from transcript | 包含精确的旁白片段\n- Use timestamps from frames (00:00, 00:02, 00:04, etc.) | 使用时间戳\n\n## Transition Analysis | 转场分析\n\n- **Shot 1→2 | 镜头1→2:** Hard cut at 00:03 | 00:03硬切\n- **Shot 2→3 | 镜头2→3:** Dissolve at 00:08 | 00:08淡入淡出\n\n## Text Overlays | 文字叠加\n\nList ALL on-screen text with timestamps | 列出所有屏幕文字及时间戳:\n- **[00:00]** "Tag 3" (top-left, white text | 左上角白色文字) | "第3天"\n- **[00:05]** "Vorher" (center, bold, red | 居中粗体红色) | "之前"\n\n## Visual Composition | 视觉构图\n\n- **Framing | 构图:** Rule of thirds, subject positioning | 三分法，主体位置\n- **Lighting | 灯光:** Natural/Artificial, direction, quality (soft/hard shadows) | 自然/人造，方向，质量\n- **Color Grading | 调色:** Overall palette (warm/cool), dominant colors | 整体色调\n- **Focal Points | 焦点:** Where eyes are drawn at key moments | 视线关注点\n\n**Output must be detailed and specific for replication. | 输出必须详细具体，便于复制。**\n']' timed out after 300 seconds
2026-01-15 00:06:34 | ERROR    | __main__:main:279 | Structural analysis failed: Command '['gemini', '-o', 'text', '-m', 'gemini-3-flash-preview', '../targeted_analysis/20260114/7180795347931942190/frames/frame_001.jpg', '../targeted_analysis/20260114/7180795347931942190/frames/frame_002.jpg', '../targeted_analysis/20260114/7180795347931942190/frames/frame_003.jpg', '../targeted_analysis/20260114/7180795347931942190/frames/frame_004.jpg', '../targeted_analysis/20260114/7180795347931942190/frames/frame_005.jpg', '../targeted_analysis/20260114/7180795347931942190/frames/frame_006.jpg', '../targeted_analysis/20260114/7180795347931942190/frames/frame_007.jpg', '../targeted_analysis/20260114/7180795347931942190/frames/frame_008.jpg', '../targeted_analysis/20260114/7180795347931942190/frames/frame_009.jpg', '../targeted_analysis/20260114/7180795347931942190/frames/frame_010.jpg', 'You are analyzing a TikTok video frame-by-frame for exact replication.\n\n**Video Info:**\n- Duration: 20.5s\n- Frames: 10 (every 2 seconds)\n- Creator: hannahmle\n- Views: 4500000\n- Transcript Source: whisper_transcription\n- Language: en\n- Transcript Preview: ""\n\n**Task: Create a shot-by-shot storyboard**\n\n**CRITICAL: Output EVERYTHING in BILINGUAL format - English first, then Chinese translation**\n\nOutput in Markdown with bilingual headers (English | 中文):\n\n## Shot List | 镜头列表\n\n| Shot # | 镜头号 | Time | 时间 | Duration | 时长 | Camera | 拍摄 | Action | 动作 | Audio | 音频 |\n|--------|-------|------|-----|----------|-------|--------|------|--------|------|-------|------|\n| 1 | 1 | 00:00-00:03 | 0-3秒 | 3s | 3秒 | Close-up, handheld | 近景手持 | Subject looks at camera | 主角看向镜头 | VO: "..." | 旁白..." |\n| 2 | 2 | 00:03-00:08 | 3-8秒 | 5s | 5秒 | Medium, static | 中景固定 | Product reveal | 产品展示 | VO: "..." | 旁白..." |\n\n**Instructions | 指令:**\n- Identify shot changes (new angle/subject/composition) | 识别镜头变化\n- Camera specs: Close-up/Medium/Wide, Static/Pan/Handheld/Tracking | 拍摄规格\n- Include exact audio/VO snippets from transcript | 包含精确的旁白片段\n- Use timestamps from frames (00:00, 00:02, 00:04, etc.) | 使用时间戳\n\n## Transition Analysis | 转场分析\n\n- **Shot 1→2 | 镜头1→2:** Hard cut at 00:03 | 00:03硬切\n- **Shot 2→3 | 镜头2→3:** Dissolve at 00:08 | 00:08淡入淡出\n\n## Text Overlays | 文字叠加\n\nList ALL on-screen text with timestamps | 列出所有屏幕文字及时间戳:\n- **[00:00]** "Tag 3" (top-left, white text | 左上角白色文字) | "第3天"\n- **[00:05]** "Vorher" (center, bold, red | 居中粗体红色) | "之前"\n\n## Visual Composition | 视觉构图\n\n- **Framing | 构图:** Rule of thirds, subject positioning | 三分法，主体位置\n- **Lighting | 灯光:** Natural/Artificial, direction, quality (soft/hard shadows) | 自然/人造，方向，质量\n- **Color Grading | 调色:** Overall palette (warm/cool), dominant colors | 整体色调\n- **Focal Points | 焦点:** Where eyes are drawn at key moments | 视线关注点\n\n**Output must be detailed and specific for replication. | 输出必须详细具体，便于复制。**\n']' timed out after 300 seconds
Traceback (most recent call last):

  File "/Users/lxt/Movies/TikTok/WZ/lukas_9688/scripts/targeted_analysis/analyzers/structural.py", line 108, in analyze_structural
    result = subprocess.run(
             │          └ <function run at 0x101951e40>
             └ <module 'subprocess' from '/Library/Frameworks/Python.framework/Versions/3.12/lib/python3.12/subprocess.py'>

  File "/Library/Frameworks/Python.framework/Versions/3.12/lib/python3.12/subprocess.py", line 571, in run
    raise CalledProcessError(retcode, process.args,
          │                  │        │       └ ['gemini', '-o', 'text', '-m', 'gemini-3-flash-preview', '../targeted_analysis/20260114/7180795347931942190/frames/frame_001....
          │                  │        └ <Popen: returncode: 1 args: ['gemini', '-o', 'text', '-m', 'gemini-3-flash-p...>
          │                  └ 1
          └ <class 'subprocess.CalledProcessError'>

subprocess.CalledProcessError: Command '['gemini', '-o', 'text', '-m', 'gemini-3-flash-preview', '../targeted_analysis/20260114/7180795347931942190/frames/frame_001.jpg', '../targeted_analysis/20260114/7180795347931942190/frames/frame_002.jpg', '../targeted_analysis/20260114/7180795347931942190/frames/frame_003.jpg', '../targeted_analysis/20260114/7180795347931942190/frames/frame_004.jpg', '../targeted_analysis/20260114/7180795347931942190/frames/frame_005.jpg', '../targeted_analysis/20260114/7180795347931942190/frames/frame_006.jpg', '../targeted_analysis/20260114/7180795347931942190/frames/frame_007.jpg', '../targeted_analysis/20260114/7180795347931942190/frames/frame_008.jpg', '../targeted_analysis/20260114/7180795347931942190/frames/frame_009.jpg', '../targeted_analysis/20260114/7180795347931942190/frames/frame_010.jpg', 'You are analyzing a TikTok video frame-by-frame for exact replication.\n\n**Video Info:**\n- Duration: 20.5s\n- Frames: 10 (every 2 seconds)\n- Creator: hannahmle\n- Views: 4500000\n- Transcript Source: whisper_transcription\n- Language: en\n- Transcript Preview: ""\n\n**Task: Create a shot-by-shot storyboard**\n\n**CRITICAL: Output EVERYTHING in BILINGUAL format - English first, then Chinese translation**\n\nOutput in Markdown with bilingual headers (English | 中文):\n\n## Shot List | 镜头列表\n\n| Shot # | 镜头号 | Time | 时间 | Duration | 时长 | Camera | 拍摄 | Action | 动作 | Audio | 音频 |\n|--------|-------|------|-----|----------|-------|--------|------|--------|------|-------|------|\n| 1 | 1 | 00:00-00:03 | 0-3秒 | 3s | 3秒 | Close-up, handheld | 近景手持 | Subject looks at camera | 主角看向镜头 | VO: "..." | 旁白..." |\n| 2 | 2 | 00:03-00:08 | 3-8秒 | 5s | 5秒 | Medium, static | 中景固定 | Product reveal | 产品展示 | VO: "..." | 旁白..." |\n\n**Instructions | 指令:**\n- Identify shot changes (new angle/subject/composition) | 识别镜头变化\n- Camera specs: Close-up/Medium/Wide, Static/Pan/Handheld/Tracking | 拍摄规格\n- Include exact audio/VO snippets from transcript | 包含精确的旁白片段\n- Use timestamps from frames (00:00, 00:02, 00:04, etc.) | 使用时间戳\n\n## Transition Analysis | 转场分析\n\n- **Shot 1→2 | 镜头1→2:** Hard cut at 00:03 | 00:03硬切\n- **Shot 2→3 | 镜头2→3:** Dissolve at 00:08 | 00:08淡入淡出\n\n## Text Overlays | 文字叠加\n\nList ALL on-screen text with timestamps | 列出所有屏幕文字及时间戳:\n- **[00:00]** "Tag 3" (top-left, white text | 左上角白色文字) | "第3天"\n- **[00:05]** "Vorher" (center, bold, red | 居中粗体红色) | "之前"\n\n## Visual Composition | 视觉构图\n\n- **Framing | 构图:** Rule of thirds, subject positioning | 三分法，主体位置\n- **Lighting | 灯光:** Natural/Artificial, direction, quality (soft/hard shadows) | 自然/人造，方向，质量\n- **Color Grading | 调色:** Overall palette (warm/cool), dominant colors | 整体色调\n- **Focal Points | 焦点:** Where eyes are drawn at key moments | 视线关注点\n\n**Output must be detailed and specific for replication. | 输出必须详细具体，便于复制。**\n']' returned non-zero exit status 1.


During handling of the above exception, another exception occurred:


Traceback (most recent call last):

  File "/Users/lxt/Movies/TikTok/WZ/lukas_9688/scripts/targeted_analysis/analyzers/structural.py", line 130, in analyze_structural
    result = subprocess.run(cmd, capture_output=True, text=True, timeout=300, check=True)
             │          │   └ ['gemini', '-o', 'text', '-m', 'gemini-3-flash-preview', '../targeted_analysis/20260114/7180795347931942190/frames/frame_001....
             │          └ <function run at 0x101951e40>
             └ <module 'subprocess' from '/Library/Frameworks/Python.framework/Versions/3.12/lib/python3.12/subprocess.py'>

  File "/Library/Frameworks/Python.framework/Versions/3.12/lib/python3.12/subprocess.py", line 550, in run
    stdout, stderr = process.communicate(input, timeout=timeout)
                     │       │           │              └ 300
                     │       │           └ None
                     │       └ <function Popen.communicate at 0x101952b60>
                     └ <Popen: returncode: -9 args: ['gemini', '-o', 'text', '-m', 'gemini-3-flash-...>
  File "/Library/Frameworks/Python.framework/Versions/3.12/lib/python3.12/subprocess.py", line 1209, in communicate
    stdout, stderr = self._communicate(input, endtime, timeout)
                     │    │            │      │        └ 300
                     │    │            │      └ 100866.95230235
                     │    │            └ None
                     │    └ <function Popen._communicate at 0x1019534c0>
                     └ <Popen: returncode: -9 args: ['gemini', '-o', 'text', '-m', 'gemini-3-flash-...>
  File "/Library/Frameworks/Python.framework/Versions/3.12/lib/python3.12/subprocess.py", line 2116, in _communicate
    self._check_timeout(endtime, orig_timeout, stdout, stderr)
    │    │              │        │             │       └ [b"Loaded cached credentials.\nServer 'filesystem' supports tool updates. Listening for changes...\nServer 'context7' support...
    │    │              │        │             └ [b"I will start by exploring the video's directory to find", b' any existing transcripts or metadata and then read the video ...
    │    │              │        └ 300
    │    │              └ 100866.95230235
    │    └ <function Popen._check_timeout at 0x101952d40>
    └ <Popen: returncode: -9 args: ['gemini', '-o', 'text', '-m', 'gemini-3-flash-...>
  File "/Library/Frameworks/Python.framework/Versions/3.12/lib/python3.12/subprocess.py", line 1253, in _check_timeout
    raise TimeoutExpired(
          └ <class 'subprocess.TimeoutExpired'>

subprocess.TimeoutExpired: Command '['gemini', '-o', 'text', '-m', 'gemini-3-flash-preview', '../targeted_analysis/20260114/7180795347931942190/frames/frame_001.jpg', '../targeted_analysis/20260114/7180795347931942190/frames/frame_002.jpg', '../targeted_analysis/20260114/7180795347931942190/frames/frame_003.jpg', '../targeted_analysis/20260114/7180795347931942190/frames/frame_004.jpg', '../targeted_analysis/20260114/7180795347931942190/frames/frame_005.jpg', '../targeted_analysis/20260114/7180795347931942190/frames/frame_006.jpg', '../targeted_analysis/20260114/7180795347931942190/frames/frame_007.jpg', '../targeted_analysis/20260114/7180795347931942190/frames/frame_008.jpg', '../targeted_analysis/20260114/7180795347931942190/frames/frame_009.jpg', '../targeted_analysis/20260114/7180795347931942190/frames/frame_010.jpg', 'You are analyzing a TikTok video frame-by-frame for exact replication.\n\n**Video Info:**\n- Duration: 20.5s\n- Frames: 10 (every 2 seconds)\n- Creator: hannahmle\n- Views: 4500000\n- Transcript Source: whisper_transcription\n- Language: en\n- Transcript Preview: ""\n\n**Task: Create a shot-by-shot storyboard**\n\n**CRITICAL: Output EVERYTHING in BILINGUAL format - English first, then Chinese translation**\n\nOutput in Markdown with bilingual headers (English | 中文):\n\n## Shot List | 镜头列表\n\n| Shot # | 镜头号 | Time | 时间 | Duration | 时长 | Camera | 拍摄 | Action | 动作 | Audio | 音频 |\n|--------|-------|------|-----|----------|-------|--------|------|--------|------|-------|------|\n| 1 | 1 | 00:00-00:03 | 0-3秒 | 3s | 3秒 | Close-up, handheld | 近景手持 | Subject looks at camera | 主角看向镜头 | VO: "..." | 旁白..." |\n| 2 | 2 | 00:03-00:08 | 3-8秒 | 5s | 5秒 | Medium, static | 中景固定 | Product reveal | 产品展示 | VO: "..." | 旁白..." |\n\n**Instructions | 指令:**\n- Identify shot changes (new angle/subject/composition) | 识别镜头变化\n- Camera specs: Close-up/Medium/Wide, Static/Pan/Handheld/Tracking | 拍摄规格\n- Include exact audio/VO snippets from transcript | 包含精确的旁白片段\n- Use timestamps from frames (00:00, 00:02, 00:04, etc.) | 使用时间戳\n\n## Transition Analysis | 转场分析\n\n- **Shot 1→2 | 镜头1→2:** Hard cut at 00:03 | 00:03硬切\n- **Shot 2→3 | 镜头2→3:** Dissolve at 00:08 | 00:08淡入淡出\n\n## Text Overlays | 文字叠加\n\nList ALL on-screen text with timestamps | 列出所有屏幕文字及时间戳:\n- **[00:00]** "Tag 3" (top-left, white text | 左上角白色文字) | "第3天"\n- **[00:05]** "Vorher" (center, bold, red | 居中粗体红色) | "之前"\n\n## Visual Composition | 视觉构图\n\n- **Framing | 构图:** Rule of thirds, subject positioning | 三分法，主体位置\n- **Lighting | 灯光:** Natural/Artificial, direction, quality (soft/hard shadows) | 自然/人造，方向，质量\n- **Color Grading | 调色:** Overall palette (warm/cool), dominant colors | 整体色调\n- **Focal Points | 焦点:** Where eyes are drawn at key moments | 视线关注点\n\n**Output must be detailed and specific for replication. | 输出必须详细具体，便于复制。**\n']' timed out after 300 seconds


During handling of the above exception, another exception occurred:


Traceback (most recent call last):

  File "/Users/lxt/Movies/TikTok/WZ/lukas_9688/scripts/analyze_targeted_video.py", line 284, in <module>
    sys.exit(main())
    │   │    └ <function main at 0x1091d07c0>
    │   └ <built-in function exit>
    └ <module 'sys' (built-in)>

> File "/Users/lxt/Movies/TikTok/WZ/lukas_9688/scripts/analyze_targeted_video.py", line 166, in main
    structural_analysis = analyze_structural(
                          └ <function analyze_structural at 0x1091d0a40>

  File "/Users/lxt/Movies/TikTok/WZ/lukas_9688/scripts/targeted_analysis/analyzers/structural.py", line 136, in analyze_structural
    raise RuntimeError(f"Structural analysis failed: {e2}")

RuntimeError: Structural analysis failed: Command '['gemini', '-o', 'text', '-m', 'gemini-3-flash-preview', '../targeted_analysis/20260114/7180795347931942190/frames/frame_001.jpg', '../targeted_analysis/20260114/7180795347931942190/frames/frame_002.jpg', '../targeted_analysis/20260114/7180795347931942190/frames/frame_003.jpg', '../targeted_analysis/20260114/7180795347931942190/frames/frame_004.jpg', '../targeted_analysis/20260114/7180795347931942190/frames/frame_005.jpg', '../targeted_analysis/20260114/7180795347931942190/frames/frame_006.jpg', '../targeted_analysis/20260114/7180795347931942190/frames/frame_007.jpg', '../targeted_analysis/20260114/7180795347931942190/frames/frame_008.jpg', '../targeted_analysis/20260114/7180795347931942190/frames/frame_009.jpg', '../targeted_analysis/20260114/7180795347931942190/frames/frame_010.jpg', 'You are analyzing a TikTok video frame-by-frame for exact replication.\n\n**Video Info:**\n- Duration: 20.5s\n- Frames: 10 (every 2 seconds)\n- Creator: hannahmle\n- Views: 4500000\n- Transcript Source: whisper_transcription\n- Language: en\n- Transcript Preview: ""\n\n**Task: Create a shot-by-shot storyboard**\n\n**CRITICAL: Output EVERYTHING in BILINGUAL format - English first, then Chinese translation**\n\nOutput in Markdown with bilingual headers (English | 中文):\n\n## Shot List | 镜头列表\n\n| Shot # | 镜头号 | Time | 时间 | Duration | 时长 | Camera | 拍摄 | Action | 动作 | Audio | 音频 |\n|--------|-------|------|-----|----------|-------|--------|------|--------|------|-------|------|\n| 1 | 1 | 00:00-00:03 | 0-3秒 | 3s | 3秒 | Close-up, handheld | 近景手持 | Subject looks at camera | 主角看向镜头 | VO: "..." | 旁白..." |\n| 2 | 2 | 00:03-00:08 | 3-8秒 | 5s | 5秒 | Medium, static | 中景固定 | Product reveal | 产品展示 | VO: "..." | 旁白..." |\n\n**Instructions | 指令:**\n- Identify shot changes (new angle/subject/composition) | 识别镜头变化\n- Camera specs: Close-up/Medium/Wide, Static/Pan/Handheld/Tracking | 拍摄规格\n- Include exact audio/VO snippets from transcript | 包含精确的旁白片段\n- Use timestamps from frames (00:00, 00:02, 00:04, etc.) | 使用时间戳\n\n## Transition Analysis | 转场分析\n\n- **Shot 1→2 | 镜头1→2:** Hard cut at 00:03 | 00:03硬切\n- **Shot 2→3 | 镜头2→3:** Dissolve at 00:08 | 00:08淡入淡出\n\n## Text Overlays | 文字叠加\n\nList ALL on-screen text with timestamps | 列出所有屏幕文字及时间戳:\n- **[00:00]** "Tag 3" (top-left, white text | 左上角白色文字) | "第3天"\n- **[00:05]** "Vorher" (center, bold, red | 居中粗体红色) | "之前"\n\n## Visual Composition | 视觉构图\n\n- **Framing | 构图:** Rule of thirds, subject positioning | 三分法，主体位置\n- **Lighting | 灯光:** Natural/Artificial, direction, quality (soft/hard shadows) | 自然/人造，方向，质量\n- **Color Grading | 调色:** Overall palette (warm/cool), dominant colors | 整体色调\n- **Focal Points | 焦点:** Where eyes are drawn at key moments | 视线关注点\n\n**Output must be detailed and specific for replication. | 输出必须详细具体，便于复制。**\n']' timed out after 300 seconds
